#
# There is insufficient memory for the Java Runtime Environment to continue.
# Native memory allocation (malloc) failed to allocate 1058896 bytes. Error detail: Chunk::new
# Possible reasons:
#   The system is out of physical RAM or swap space
#   This process is running with CompressedOops enabled, and the Java Heap may be blocking the growth of the native heap
# Possible solutions:
#   Reduce memory load on the system
#   Increase physical memory or swap space
#   Check if swap backing store is full
#   Decrease Java heap size (-Xmx/-Xms)
#   Decrease number of Java threads
#   Decrease Java thread stack sizes (-Xss)
#   Set larger code cache with -XX:ReservedCodeCacheSize=
#   JVM is running with Unscaled Compressed Oops mode in which the Java heap is
#     placed in the first 4GB address space. The Java Heap base address is the
#     maximum limit for the native heap growth. Please use -XX:HeapBaseMinAddress
#     to set the Java Heap base and to place the Java Heap above 4GB virtual address.
# This output file may be truncated or incomplete.
#
#  Out of Memory Error (arena.cpp:168), pid=4176, tid=23420
#
# JRE version: OpenJDK Runtime Environment Temurin-21.0.11+10 (21.0.11+10) (build 21.0.11+10-LTS)
# Java VM: OpenJDK 64-Bit Server VM Temurin-21.0.11+10 (21.0.11+10-LTS, mixed mode, sharing, tiered, compressed oops, compressed class ptrs, g1 gc, windows-amd64)
# No core dump will be written. Minidumps are not enabled by default on client versions of Windows
#

---------------  S U M M A R Y ------------

Command Line: --add-opens=java.base/java.util=ALL-UNNAMED --add-opens=java.base/java.lang=ALL-UNNAMED --add-opens=java.base/java.lang.invoke=ALL-UNNAMED --add-opens=java.prefs/java.util.prefs=ALL-UNNAMED --add-exports=jdk.compiler/com.sun.tools.javac.api=ALL-UNNAMED --add-exports=jdk.compiler/com.sun.tools.javac.util=ALL-UNNAMED --add-opens=java.base/java.nio.charset=ALL-UNNAMED --add-opens=java.base/java.net=ALL-UNNAMED --add-opens=java.base/java.util.concurrent.atomic=ALL-UNNAMED -XX:MaxMetaspaceSize=384m -XX:+HeapDumpOnOutOfMemoryError -Xms256m -Xmx512m -Dfile.encoding=utf8 -Duser.country=PE -Duser.language=es -Duser.variant -javaagent:C:\Users\programador.02\.gradle\wrapper\dists\gradle-8.9-bin\90cnw93cvbtalezasaz0blq0a\gradle-8.9\lib\agents\gradle-instrumentation-agent-8.9.jar org.gradle.launcher.daemon.bootstrap.GradleDaemon 8.9

Host: 13th Gen Intel(R) Core(TM) i7-1355U, 12 cores, 15G,  Windows 11 , 64 bit Build 26100 (10.0.26100.8972)
Time: Mon Aug 10 12:02:05 2026 Hora est. Pacífico, Sudamérica elapsed time: 8.543363 seconds (0d 0h 0m 8s)

---------------  T H R E A D  ---------------

Current thread (0x000001de750d5a30):  JavaThread "C2 CompilerThread0" daemon [_thread_in_native, id=23420, stack(0x0000003fa3100000,0x0000003fa3200000) (1024K)]


Current CompileTask:
C2:8543 4474   !   4       java.net.URLClassLoader::findClass (47 bytes)

Stack: [0x0000003fa3100000,0x0000003fa3200000]
Native frames: (J=compiled Java code, j=interpreted, Vv=VM code, C=native code)
V  [jvm.dll+0x6d7e19]
V  [jvm.dll+0x8b5096]
V  [jvm.dll+0x8b764e]
V  [jvm.dll+0x8b7d33]
V  [jvm.dll+0x284596]
V  [jvm.dll+0xc685d]
V  [jvm.dll+0xc6da1]
V  [jvm.dll+0x2fb4ee]
V  [jvm.dll+0x5fe9a4]
V  [jvm.dll+0x255d67]
V  [jvm.dll+0x25612d]
V  [jvm.dll+0x24e6a0]
V  [jvm.dll+0x24bbe6]
V  [jvm.dll+0x1cb4ae]
V  [jvm.dll+0x25baad]
V  [jvm.dll+0x25a03a]
V  [jvm.dll+0x3f868e]
V  [jvm.dll+0x85fb0d]
V  [jvm.dll+0x6d664d]
C  [ucrtbase.dll+0x2cd30]
C  [KERNEL32.DLL+0x2ccb7]
C  [ntdll.dll+0xaad6c]


---------------  P R O C E S S  ---------------

Threads class SMR info:
_java_thread_list=0x000001de7d494ee0, length=35, elements={
0x000001de5ceaabc0, 0x000001de750b49b0, 0x000001de750b7f90, 0x000001de750b9a20,
0x000001de750bd970, 0x000001de750bbcb0, 0x000001de750bef40, 0x000001de750d5a30,
0x000001de750d7bb0, 0x000001de7529ca30, 0x000001de7534e930, 0x000001de7adc5d50,
0x000001de7a2b1360, 0x000001de7b1cd660, 0x000001de7b261ee0, 0x000001de7b186060,
0x000001de7b1995a0, 0x000001de7b1a00e0, 0x000001de7ae5fdd0, 0x000001de7ae62bc0,
0x000001de7ae5f740, 0x000001de7ae61810, 0x000001de7ae61180, 0x000001de7ae60af0,
0x000001de7ae60460, 0x000001de7ae62530, 0x000001de7b5e4840, 0x000001de7b5e3490,
0x000001de7b5e20e0, 0x000001de7b5e3b20, 0x000001de7b5e41b0, 0x000001de7b5e2770,
0x000001de7b5e13c0, 0x000001de7b5e2e00, 0x000001de7b5e4ed0
}

Java Threads: ( => current thread )
  0x000001de5ceaabc0 JavaThread "main"                              [_thread_blocked, id=19392, stack(0x0000003fa2300000,0x0000003fa2400000) (1024K)]
  0x000001de750b49b0 JavaThread "Reference Handler"          daemon [_thread_blocked, id=5080, stack(0x0000003fa2b00000,0x0000003fa2c00000) (1024K)]
  0x000001de750b7f90 JavaThread "Finalizer"                  daemon [_thread_blocked, id=24416, stack(0x0000003fa2c00000,0x0000003fa2d00000) (1024K)]
  0x000001de750b9a20 JavaThread "Signal Dispatcher"          daemon [_thread_blocked, id=13832, stack(0x0000003fa2d00000,0x0000003fa2e00000) (1024K)]
  0x000001de750bd970 JavaThread "Attach Listener"            daemon [_thread_blocked, id=31208, stack(0x0000003fa2e00000,0x0000003fa2f00000) (1024K)]
  0x000001de750bbcb0 JavaThread "Service Thread"             daemon [_thread_blocked, id=32572, stack(0x0000003fa2f00000,0x0000003fa3000000) (1024K)]
  0x000001de750bef40 JavaThread "Monitor Deflation Thread"   daemon [_thread_blocked, id=32684, stack(0x0000003fa3000000,0x0000003fa3100000) (1024K)]
=>0x000001de750d5a30 JavaThread "C2 CompilerThread0"         daemon [_thread_in_native, id=23420, stack(0x0000003fa3100000,0x0000003fa3200000) (1024K)]
  0x000001de750d7bb0 JavaThread "C1 CompilerThread0"         daemon [_thread_blocked, id=19784, stack(0x0000003fa3200000,0x0000003fa3300000) (1024K)]
  0x000001de7529ca30 JavaThread "Common-Cleaner"             daemon [_thread_blocked, id=2140, stack(0x0000003fa3300000,0x0000003fa3400000) (1024K)]
  0x000001de7534e930 JavaThread "Notification Thread"        daemon [_thread_blocked, id=2076, stack(0x0000003fa3400000,0x0000003fa3500000) (1024K)]
  0x000001de7adc5d50 JavaThread "Daemon health stats"               [_thread_blocked, id=15192, stack(0x0000003fa3b00000,0x0000003fa3c00000) (1024K)]
  0x000001de7a2b1360 JavaThread "Incoming local TCP Connector on port 60027"        [_thread_in_native, id=30436, stack(0x0000003fa3c00000,0x0000003fa3d00000) (1024K)]
  0x000001de7b1cd660 JavaThread "Daemon periodic checks"            [_thread_blocked, id=18780, stack(0x0000003fa3d00000,0x0000003fa3e00000) (1024K)]
  0x000001de7b261ee0 JavaThread "Daemon"                            [_thread_blocked, id=7128, stack(0x0000003fa3e00000,0x0000003fa3f00000) (1024K)]
  0x000001de7b186060 JavaThread "Handler for socket connection from /127.0.0.1:60027 to /127.0.0.1:60031"        [_thread_in_native, id=11064, stack(0x0000003fa3f00000,0x0000003fa4000000) (1024K)]
  0x000001de7b1995a0 JavaThread "Cancel handler"                    [_thread_blocked, id=19312, stack(0x0000003fa4000000,0x0000003fa4100000) (1024K)]
  0x000001de7b1a00e0 JavaThread "Daemon worker"                     [_thread_in_vm, id=17232, stack(0x0000003fa4100000,0x0000003fa4200000) (1024K)]
  0x000001de7ae5fdd0 JavaThread "Asynchronous log dispatcher for DefaultDaemonConnection: socket connection from /127.0.0.1:60027 to /127.0.0.1:60031"        [_thread_blocked, id=868, stack(0x0000003fa4200000,0x0000003fa4300000) (1024K)]
  0x000001de7ae62bc0 JavaThread "Stdin handler"                     [_thread_blocked, id=12768, stack(0x0000003fa4300000,0x0000003fa4400000) (1024K)]
  0x000001de7ae5f740 JavaThread "Daemon client event forwarder"        [_thread_blocked, id=32520, stack(0x0000003fa4400000,0x0000003fa4500000) (1024K)]
  0x000001de7ae61810 JavaThread "Cache worker for journal cache (C:\Users\programador.02\.gradle\caches\journal-1)"        [_thread_blocked, id=9460, stack(0x0000003fa4500000,0x0000003fa4600000) (1024K)]
  0x000001de7ae61180 JavaThread "File lock request listener"        [_thread_in_native, id=13012, stack(0x0000003fa4600000,0x0000003fa4700000) (1024K)]
  0x000001de7ae60af0 JavaThread "Cache worker for file hash cache (C:\Users\programador.02\.gradle\caches\8.9\fileHashes)"        [_thread_blocked, id=23220, stack(0x0000003fa4700000,0x0000003fa4800000) (1024K)]
  0x000001de7ae60460 JavaThread "File lock release action executor"        [_thread_blocked, id=31252, stack(0x0000003fa4800000,0x0000003fa4900000) (1024K)]
  0x000001de7ae62530 JavaThread "Cache worker for file hash cache (D:\DesarrolloWeb\inpeccion-visita\node_modules\expo\android\.gradle\8.9\fileHashes)"        [_thread_blocked, id=5392, stack(0x0000003fa4900000,0x0000003fa4a00000) (1024K)]
  0x000001de7b5e4840 JavaThread "Cache worker for Build Output Cleanup Cache (D:\DesarrolloWeb\inpeccion-visita\node_modules\expo\android\.gradle\buildOutputCleanup)"        [_thread_blocked, id=21944, stack(0x0000003fa4f00000,0x0000003fa5000000) (1024K)]
  0x000001de7b5e3490 JavaThread "File watcher server"        daemon [_thread_in_native, id=28676, stack(0x0000003fa5000000,0x0000003fa5100000) (1024K)]
  0x000001de7b5e20e0 JavaThread "File watcher consumer"      daemon [_thread_blocked, id=30744, stack(0x0000003fa5100000,0x0000003fa5200000) (1024K)]
  0x000001de7b5e3b20 JavaThread "Cache worker for checksums cache (D:\DesarrolloWeb\inpeccion-visita\node_modules\expo\android\.gradle\8.9\checksums)"        [_thread_blocked, id=18892, stack(0x0000003fa5200000,0x0000003fa5300000) (1024K)]
  0x000001de7b5e41b0 JavaThread "Cache worker for file content cache (C:\Users\programador.02\.gradle\caches\8.9\fileContent)"        [_thread_blocked, id=31816, stack(0x0000003fa5300000,0x0000003fa5400000) (1024K)]
  0x000001de7b5e2770 JavaThread "Cache worker for cache directory md-rule (C:\Users\programador.02\.gradle\caches\8.9\md-rule)"        [_thread_blocked, id=31936, stack(0x0000003fa5400000,0x0000003fa5500000) (1024K)]
  0x000001de7b5e13c0 JavaThread "Cache worker for cache directory md-supplier (C:\Users\programador.02\.gradle\caches\8.9\md-supplier)"        [_thread_blocked, id=20848, stack(0x0000003fa5500000,0x0000003fa5600000) (1024K)]
  0x000001de7b5e2e00 JavaThread "jar transforms"                    [_thread_blocked, id=29232, stack(0x0000003fa5600000,0x0000003fa5700000) (1024K)]
  0x000001de7b5e4ed0 JavaThread "jar transforms Thread 2"           [_thread_blocked, id=25928, stack(0x0000003fa5700000,0x0000003fa5800000) (1024K)]
Total: 35

Other Threads:
  0x000001de75095bc0 VMThread "VM Thread"                           [id=15732, stack(0x0000003fa2a00000,0x0000003fa2b00000) (1024K)]
  0x000001de75088070 WatcherThread "VM Periodic Task Thread"        [id=29620, stack(0x0000003fa2900000,0x0000003fa2a00000) (1024K)]
  0x000001de5f2ed6b0 WorkerThread "GC Thread#0"                     [id=32324, stack(0x0000003fa2400000,0x0000003fa2500000) (1024K)]
  0x000001de75459720 WorkerThread "GC Thread#1"                     [id=13448, stack(0x0000003fa3500000,0x0000003fa3600000) (1024K)]
  0x000001de759315f0 WorkerThread "GC Thread#2"                     [id=25032, stack(0x0000003fa3600000,0x0000003fa3700000) (1024K)]
  0x000001de7561d120 WorkerThread "GC Thread#3"                     [id=10820, stack(0x0000003fa3700000,0x0000003fa3800000) (1024K)]
  0x000001de756439b0 WorkerThread "GC Thread#4"                     [id=25408, stack(0x0000003fa3800000,0x0000003fa3900000) (1024K)]
  0x000001de75643d60 WorkerThread "GC Thread#5"                     [id=24632, stack(0x0000003fa3900000,0x0000003fa3a00000) (1024K)]
  0x000001de7ae15e80 WorkerThread "GC Thread#6"                     [id=32088, stack(0x0000003fa3a00000,0x0000003fa3b00000) (1024K)]
  0x000001de7b861670 WorkerThread "GC Thread#7"                     [id=27100, stack(0x0000003fa4a00000,0x0000003fa4b00000) (1024K)]
  0x000001de7b860400 WorkerThread "GC Thread#8"                     [id=22124, stack(0x0000003fa4b00000,0x0000003fa4c00000) (1024K)]
  0x000001de7b85df20 WorkerThread "GC Thread#9"                     [id=20000, stack(0x0000003fa4c00000,0x0000003fa4d00000) (1024K)]
  0x000001de5f2f25b0 ConcurrentGCThread "G1 Main Marker"            [id=10992, stack(0x0000003fa2500000,0x0000003fa2600000) (1024K)]
  0x000001de5f2f5d60 WorkerThread "G1 Conc#0"                       [id=19772, stack(0x0000003fa2600000,0x0000003fa2700000) (1024K)]
  0x000001de7b85ede0 WorkerThread "G1 Conc#1"                       [id=15072, stack(0x0000003fa4d00000,0x0000003fa4e00000) (1024K)]
  0x000001de7b85f190 WorkerThread "G1 Conc#2"                       [id=23476, stack(0x0000003fa4e00000,0x0000003fa4f00000) (1024K)]
  0x000001de74f55a00 ConcurrentGCThread "G1 Refine#0"               [id=20936, stack(0x0000003fa2700000,0x0000003fa2800000) (1024K)]
  0x000001de74f56230 ConcurrentGCThread "G1 Service"                [id=30584, stack(0x0000003fa2800000,0x0000003fa2900000) (1024K)]
Total: 18

Threads with active compile tasks:
C2 CompilerThread0  8560 4474   !   4       java.net.URLClassLoader::findClass (47 bytes)
Total: 1

VM state: not at safepoint (normal execution)

VM Mutex/Monitor currently owned by a thread: None

Heap address: 0x00000000e0000000, size: 512 MB, Compressed Oops mode: 32-bit

CDS archive(s) mapped at: [0x000001de00000000-0x000001de00ba0000-0x000001de00ba0000), size 12189696, SharedBaseAddress: 0x000001de00000000, ArchiveRelocationMode: 1.
Compressed class space mapped at: 0x000001de01000000-0x000001de15000000, reserved size: 335544320
Narrow klass base: 0x000001de00000000, Narrow klass shift: 0, Narrow klass range: 0x100000000

GC Precious Log:
 CardTable entry size: 512
 Card Set container configuration: InlinePtr #cards 5 size 8 Array Of Cards #cards 12 size 40 Howl #buckets 4 coarsen threshold 1843 Howl Bitmap #cards 512 size 80 coarsen threshold 460 Card regions per heap region 1 cards per card region 2048
 CPUs: 12 total, 12 available
 Memory: 16107M
 Large Page Support: Disabled
 NUMA Support: Disabled
 Compressed Oops: Enabled (32-bit)
 Heap Region Size: 1M
 Heap Min Capacity: 256M
 Heap Initial Capacity: 256M
 Heap Max Capacity: 512M
 Pre-touch: Disabled
 Parallel Workers: 10
 Concurrent Workers: 3
 Concurrent Refinement Workers: 10
 Periodic GC: Disabled

Heap:
 garbage-first heap   total 262144K, used 98329K [0x00000000e0000000, 0x0000000100000000)
  region size 1024K, 67 young (68608K), 8 survivors (8192K)
 Metaspace       used 40588K, committed 41920K, reserved 393216K
  class space    used 5917K, committed 6592K, reserved 327680K

Heap Regions: E=young(eden), S=young(survivor), O=old, HS=humongous(starts), HC=humongous(continues), CS=collection set, F=free, TAMS=top-at-mark-start, PB=parsable bottom
|   0|0x00000000e0000000, 0x00000000e0100000, 0x00000000e0100000|100%|HS|  |TAMS 0x00000000e0000000| PB 0x00000000e0000000| Complete 
|   1|0x00000000e0100000, 0x00000000e0200000, 0x00000000e0200000|100%|HC|  |TAMS 0x00000000e0100000| PB 0x00000000e0100000| Complete 
|   2|0x00000000e0200000, 0x00000000e0300000, 0x00000000e0300000|100%|HC|  |TAMS 0x00000000e0200000| PB 0x00000000e0200000| Complete 
|   3|0x00000000e0300000, 0x00000000e0400000, 0x00000000e0400000|100%|HC|  |TAMS 0x00000000e0300000| PB 0x00000000e0300000| Complete 
|   4|0x00000000e0400000, 0x00000000e0500000, 0x00000000e0500000|100%| O|  |TAMS 0x00000000e0400000| PB 0x00000000e0400000| Untracked 
|   5|0x00000000e0500000, 0x00000000e0600000, 0x00000000e0600000|100%| O|  |TAMS 0x00000000e0500000| PB 0x00000000e0500000| Untracked 
|   6|0x00000000e0600000, 0x00000000e0700000, 0x00000000e0700000|100%| O|  |TAMS 0x00000000e0600000| PB 0x00000000e0600000| Untracked 
|   7|0x00000000e0700000, 0x00000000e0800000, 0x00000000e0800000|100%| O|  |TAMS 0x00000000e0700000| PB 0x00000000e0700000| Untracked 
|   8|0x00000000e0800000, 0x00000000e0900000, 0x00000000e0900000|100%| O|  |TAMS 0x00000000e0800000| PB 0x00000000e0800000| Untracked 
|   9|0x00000000e0900000, 0x00000000e0a00000, 0x00000000e0a00000|100%|HS|  |TAMS 0x00000000e0900000| PB 0x00000000e0900000| Complete 
|  10|0x00000000e0a00000, 0x00000000e0b00000, 0x00000000e0b00000|100%|HS|  |TAMS 0x00000000e0a00000| PB 0x00000000e0a00000| Complete 
|  11|0x00000000e0b00000, 0x00000000e0c00000, 0x00000000e0c00000|100%| O|  |TAMS 0x00000000e0b00000| PB 0x00000000e0b00000| Untracked 
|  12|0x00000000e0c00000, 0x00000000e0d00000, 0x00000000e0d00000|100%| O|  |TAMS 0x00000000e0c00000| PB 0x00000000e0c00000| Untracked 
|  13|0x00000000e0d00000, 0x00000000e0e00000, 0x00000000e0e00000|100%| O|  |TAMS 0x00000000e0d00000| PB 0x00000000e0d00000| Untracked 
|  14|0x00000000e0e00000, 0x00000000e0f00000, 0x00000000e0f00000|100%| O|  |TAMS 0x00000000e0e00000| PB 0x00000000e0e00000| Untracked 
|  15|0x00000000e0f00000, 0x00000000e1000000, 0x00000000e1000000|100%| O|  |TAMS 0x00000000e0f00000| PB 0x00000000e0f00000| Untracked 
|  16|0x00000000e1000000, 0x00000000e1100000, 0x00000000e1100000|100%| O|  |TAMS 0x00000000e1000000| PB 0x00000000e1000000| Untracked 
|  17|0x00000000e1100000, 0x00000000e1200000, 0x00000000e1200000|100%| O|  |TAMS 0x00000000e1100000| PB 0x00000000e1100000| Untracked 
|  18|0x00000000e1200000, 0x00000000e1300000, 0x00000000e1300000|100%| O|  |TAMS 0x00000000e1200000| PB 0x00000000e1200000| Untracked 
|  19|0x00000000e1300000, 0x00000000e1400000, 0x00000000e1400000|100%| O|  |TAMS 0x00000000e1300000| PB 0x00000000e1300000| Untracked 
|  20|0x00000000e1400000, 0x00000000e1500000, 0x00000000e1500000|100%| O|  |TAMS 0x00000000e1400000| PB 0x00000000e1400000| Untracked 
|  21|0x00000000e1500000, 0x00000000e1600000, 0x00000000e1600000|100%| O|Cm|TAMS 0x00000000e1500000| PB 0x00000000e1500000| Complete 
|  22|0x00000000e1600000, 0x00000000e1700000, 0x00000000e1700000|100%| O|  |TAMS 0x00000000e1600000| PB 0x00000000e1600000| Untracked 
|  23|0x00000000e1700000, 0x00000000e1800000, 0x00000000e1800000|100%| O|  |TAMS 0x00000000e1700000| PB 0x00000000e1700000| Untracked 
|  24|0x00000000e1800000, 0x00000000e1900000, 0x00000000e1900000|100%| O|  |TAMS 0x00000000e1800000| PB 0x00000000e1800000| Untracked 
|  25|0x00000000e1900000, 0x00000000e1990658, 0x00000000e1a00000| 56%| O|  |TAMS 0x00000000e1900000| PB 0x00000000e1900000| Untracked 
|  26|0x00000000e1a00000, 0x00000000e1b00000, 0x00000000e1b00000|100%|HS|  |TAMS 0x00000000e1a00000| PB 0x00000000e1a00000| Complete 
|  27|0x00000000e1b00000, 0x00000000e1c00000, 0x00000000e1c00000|100%|HC|  |TAMS 0x00000000e1b00000| PB 0x00000000e1b00000| Complete 
|  28|0x00000000e1c00000, 0x00000000e1d00000, 0x00000000e1d00000|100%|HS|  |TAMS 0x00000000e1c00000| PB 0x00000000e1c00000| Complete 
|  29|0x00000000e1d00000, 0x00000000e1e00000, 0x00000000e1e00000|100%|HC|  |TAMS 0x00000000e1d00000| PB 0x00000000e1d00000| Complete 
|  30|0x00000000e1e00000, 0x00000000e1f00000, 0x00000000e1f00000|100%|HS|  |TAMS 0x00000000e1e00000| PB 0x00000000e1e00000| Complete 
|  31|0x00000000e1f00000, 0x00000000e2000000, 0x00000000e2000000|100%|HS|  |TAMS 0x00000000e1f00000| PB 0x00000000e1f00000| Complete 
|  32|0x00000000e2000000, 0x00000000e2000000, 0x00000000e2100000|  0%| F|  |TAMS 0x00000000e2000000| PB 0x00000000e2000000| Untracked 
|  33|0x00000000e2100000, 0x00000000e2100000, 0x00000000e2200000|  0%| F|  |TAMS 0x00000000e2100000| PB 0x00000000e2100000| Untracked 
|  34|0x00000000e2200000, 0x00000000e2200000, 0x00000000e2300000|  0%| F|  |TAMS 0x00000000e2200000| PB 0x00000000e2200000| Untracked 
|  35|0x00000000e2300000, 0x00000000e2300000, 0x00000000e2400000|  0%| F|  |TAMS 0x00000000e2300000| PB 0x00000000e2300000| Untracked 
|  36|0x00000000e2400000, 0x00000000e2400000, 0x00000000e2500000|  0%| F|  |TAMS 0x00000000e2400000| PB 0x00000000e2400000| Untracked 
|  37|0x00000000e2500000, 0x00000000e2500000, 0x00000000e2600000|  0%| F|  |TAMS 0x00000000e2500000| PB 0x00000000e2500000| Untracked 
|  38|0x00000000e2600000, 0x00000000e2600000, 0x00000000e2700000|  0%| F|  |TAMS 0x00000000e2600000| PB 0x00000000e2600000| Untracked 
|  39|0x00000000e2700000, 0x00000000e2700000, 0x00000000e2800000|  0%| F|  |TAMS 0x00000000e2700000| PB 0x00000000e2700000| Untracked 
|  40|0x00000000e2800000, 0x00000000e2800000, 0x00000000e2900000|  0%| F|  |TAMS 0x00000000e2800000| PB 0x00000000e2800000| Untracked 
|  41|0x00000000e2900000, 0x00000000e2900000, 0x00000000e2a00000|  0%| F|  |TAMS 0x00000000e2900000| PB 0x00000000e2900000| Untracked 
|  42|0x00000000e2a00000, 0x00000000e2a00000, 0x00000000e2b00000|  0%| F|  |TAMS 0x00000000e2a00000| PB 0x00000000e2a00000| Untracked 
|  43|0x00000000e2b00000, 0x00000000e2b00000, 0x00000000e2c00000|  0%| F|  |TAMS 0x00000000e2b00000| PB 0x00000000e2b00000| Untracked 
|  44|0x00000000e2c00000, 0x00000000e2c00000, 0x00000000e2d00000|  0%| F|  |TAMS 0x00000000e2c00000| PB 0x00000000e2c00000| Untracked 
|  45|0x00000000e2d00000, 0x00000000e2d00000, 0x00000000e2e00000|  0%| F|  |TAMS 0x00000000e2d00000| PB 0x00000000e2d00000| Untracked 
|  46|0x00000000e2e00000, 0x00000000e2e00000, 0x00000000e2f00000|  0%| F|  |TAMS 0x00000000e2e00000| PB 0x00000000e2e00000| Untracked 
|  47|0x00000000e2f00000, 0x00000000e2f00000, 0x00000000e3000000|  0%| F|  |TAMS 0x00000000e2f00000| PB 0x00000000e2f00000| Untracked 
|  48|0x00000000e3000000, 0x00000000e3000000, 0x00000000e3100000|  0%| F|  |TAMS 0x00000000e3000000| PB 0x00000000e3000000| Untracked 
|  49|0x00000000e3100000, 0x00000000e3100000, 0x00000000e3200000|  0%| F|  |TAMS 0x00000000e3100000| PB 0x00000000e3100000| Untracked 
|  50|0x00000000e3200000, 0x00000000e3200000, 0x00000000e3300000|  0%| F|  |TAMS 0x00000000e3200000| PB 0x00000000e3200000| Untracked 
|  51|0x00000000e3300000, 0x00000000e3300000, 0x00000000e3400000|  0%| F|  |TAMS 0x00000000e3300000| PB 0x00000000e3300000| Untracked 
|  52|0x00000000e3400000, 0x00000000e3400000, 0x00000000e3500000|  0%| F|  |TAMS 0x00000000e3400000| PB 0x00000000e3400000| Untracked 
|  53|0x00000000e3500000, 0x00000000e3500000, 0x00000000e3600000|  0%| F|  |TAMS 0x00000000e3500000| PB 0x00000000e3500000| Untracked 
|  54|0x00000000e3600000, 0x00000000e3600000, 0x00000000e3700000|  0%| F|  |TAMS 0x00000000e3600000| PB 0x00000000e3600000| Untracked 
|  55|0x00000000e3700000, 0x00000000e3700000, 0x00000000e3800000|  0%| F|  |TAMS 0x00000000e3700000| PB 0x00000000e3700000| Untracked 
|  56|0x00000000e3800000, 0x00000000e3800000, 0x00000000e3900000|  0%| F|  |TAMS 0x00000000e3800000| PB 0x00000000e3800000| Untracked 
|  57|0x00000000e3900000, 0x00000000e3900000, 0x00000000e3a00000|  0%| F|  |TAMS 0x00000000e3900000| PB 0x00000000e3900000| Untracked 
|  58|0x00000000e3a00000, 0x00000000e3a00000, 0x00000000e3b00000|  0%| F|  |TAMS 0x00000000e3a00000| PB 0x00000000e3a00000| Untracked 
|  59|0x00000000e3b00000, 0x00000000e3b00000, 0x00000000e3c00000|  0%| F|  |TAMS 0x00000000e3b00000| PB 0x00000000e3b00000| Untracked 
|  60|0x00000000e3c00000, 0x00000000e3c00000, 0x00000000e3d00000|  0%| F|  |TAMS 0x00000000e3c00000| PB 0x00000000e3c00000| Untracked 
|  61|0x00000000e3d00000, 0x00000000e3d00000, 0x00000000e3e00000|  0%| F|  |TAMS 0x00000000e3d00000| PB 0x00000000e3d00000| Untracked 
|  62|0x00000000e3e00000, 0x00000000e3e00000, 0x00000000e3f00000|  0%| F|  |TAMS 0x00000000e3e00000| PB 0x00000000e3e00000| Untracked 
|  63|0x00000000e3f00000, 0x00000000e3f00000, 0x00000000e4000000|  0%| F|  |TAMS 0x00000000e3f00000| PB 0x00000000e3f00000| Untracked 
|  64|0x00000000e4000000, 0x00000000e4000000, 0x00000000e4100000|  0%| F|  |TAMS 0x00000000e4000000| PB 0x00000000e4000000| Untracked 
|  65|0x00000000e4100000, 0x00000000e4100000, 0x00000000e4200000|  0%| F|  |TAMS 0x00000000e4100000| PB 0x00000000e4100000| Untracked 
|  66|0x00000000e4200000, 0x00000000e4200000, 0x00000000e4300000|  0%| F|  |TAMS 0x00000000e4200000| PB 0x00000000e4200000| Untracked 
|  67|0x00000000e4300000, 0x00000000e4300000, 0x00000000e4400000|  0%| F|  |TAMS 0x00000000e4300000| PB 0x00000000e4300000| Untracked 
|  68|0x00000000e4400000, 0x00000000e4400000, 0x00000000e4500000|  0%| F|  |TAMS 0x00000000e4400000| PB 0x00000000e4400000| Untracked 
|  69|0x00000000e4500000, 0x00000000e4500000, 0x00000000e4600000|  0%| F|  |TAMS 0x00000000e4500000| PB 0x00000000e4500000| Untracked 
|  70|0x00000000e4600000, 0x00000000e4600000, 0x00000000e4700000|  0%| F|  |TAMS 0x00000000e4600000| PB 0x00000000e4600000| Untracked 
|  71|0x00000000e4700000, 0x00000000e4700000, 0x00000000e4800000|  0%| F|  |TAMS 0x00000000e4700000| PB 0x00000000e4700000| Untracked 
|  72|0x00000000e4800000, 0x00000000e4800000, 0x00000000e4900000|  0%| F|  |TAMS 0x00000000e4800000| PB 0x00000000e4800000| Untracked 
|  73|0x00000000e4900000, 0x00000000e4900000, 0x00000000e4a00000|  0%| F|  |TAMS 0x00000000e4900000| PB 0x00000000e4900000| Untracked 
|  74|0x00000000e4a00000, 0x00000000e4a00000, 0x00000000e4b00000|  0%| F|  |TAMS 0x00000000e4a00000| PB 0x00000000e4a00000| Untracked 
|  75|0x00000000e4b00000, 0x00000000e4b00000, 0x00000000e4c00000|  0%| F|  |TAMS 0x00000000e4b00000| PB 0x00000000e4b00000| Untracked 
|  76|0x00000000e4c00000, 0x00000000e4c00000, 0x00000000e4d00000|  0%| F|  |TAMS 0x00000000e4c00000| PB 0x00000000e4c00000| Untracked 
|  77|0x00000000e4d00000, 0x00000000e4d00000, 0x00000000e4e00000|  0%| F|  |TAMS 0x00000000e4d00000| PB 0x00000000e4d00000| Untracked 
|  78|0x00000000e4e00000, 0x00000000e4e00000, 0x00000000e4f00000|  0%| F|  |TAMS 0x00000000e4e00000| PB 0x00000000e4e00000| Untracked 
|  79|0x00000000e4f00000, 0x00000000e4f00000, 0x00000000e5000000|  0%| F|  |TAMS 0x00000000e4f00000| PB 0x00000000e4f00000| Untracked 
|  80|0x00000000e5000000, 0x00000000e5000000, 0x00000000e5100000|  0%| F|  |TAMS 0x00000000e5000000| PB 0x00000000e5000000| Untracked 
|  81|0x00000000e5100000, 0x00000000e5100000, 0x00000000e5200000|  0%| F|  |TAMS 0x00000000e5100000| PB 0x00000000e5100000| Untracked 
|  82|0x00000000e5200000, 0x00000000e5200000, 0x00000000e5300000|  0%| F|  |TAMS 0x00000000e5200000| PB 0x00000000e5200000| Untracked 
|  83|0x00000000e5300000, 0x00000000e5300000, 0x00000000e5400000|  0%| F|  |TAMS 0x00000000e5300000| PB 0x00000000e5300000| Untracked 
|  84|0x00000000e5400000, 0x00000000e5400000, 0x00000000e5500000|  0%| F|  |TAMS 0x00000000e5400000| PB 0x00000000e5400000| Untracked 
|  85|0x00000000e5500000, 0x00000000e5500000, 0x00000000e5600000|  0%| F|  |TAMS 0x00000000e5500000| PB 0x00000000e5500000| Untracked 
|  86|0x00000000e5600000, 0x00000000e5600000, 0x00000000e5700000|  0%| F|  |TAMS 0x00000000e5600000| PB 0x00000000e5600000| Untracked 
|  87|0x00000000e5700000, 0x00000000e5700000, 0x00000000e5800000|  0%| F|  |TAMS 0x00000000e5700000| PB 0x00000000e5700000| Untracked 
|  88|0x00000000e5800000, 0x00000000e5800000, 0x00000000e5900000|  0%| F|  |TAMS 0x00000000e5800000| PB 0x00000000e5800000| Untracked 
|  89|0x00000000e5900000, 0x00000000e5900000, 0x00000000e5a00000|  0%| F|  |TAMS 0x00000000e5900000| PB 0x00000000e5900000| Untracked 
|  90|0x00000000e5a00000, 0x00000000e5a00000, 0x00000000e5b00000|  0%| F|  |TAMS 0x00000000e5a00000| PB 0x00000000e5a00000| Untracked 
|  91|0x00000000e5b00000, 0x00000000e5b00000, 0x00000000e5c00000|  0%| F|  |TAMS 0x00000000e5b00000| PB 0x00000000e5b00000| Untracked 
|  92|0x00000000e5c00000, 0x00000000e5c00000, 0x00000000e5d00000|  0%| F|  |TAMS 0x00000000e5c00000| PB 0x00000000e5c00000| Untracked 
|  93|0x00000000e5d00000, 0x00000000e5d00000, 0x00000000e5e00000|  0%| F|  |TAMS 0x00000000e5d00000| PB 0x00000000e5d00000| Untracked 
|  94|0x00000000e5e00000, 0x00000000e5e00000, 0x00000000e5f00000|  0%| F|  |TAMS 0x00000000e5e00000| PB 0x00000000e5e00000| Untracked 
|  95|0x00000000e5f00000, 0x00000000e5f00000, 0x00000000e6000000|  0%| F|  |TAMS 0x00000000e5f00000| PB 0x00000000e5f00000| Untracked 
|  96|0x00000000e6000000, 0x00000000e6000000, 0x00000000e6100000|  0%| F|  |TAMS 0x00000000e6000000| PB 0x00000000e6000000| Untracked 
|  97|0x00000000e6100000, 0x00000000e6100000, 0x00000000e6200000|  0%| F|  |TAMS 0x00000000e6100000| PB 0x00000000e6100000| Untracked 
|  98|0x00000000e6200000, 0x00000000e6200000, 0x00000000e6300000|  0%| F|  |TAMS 0x00000000e6200000| PB 0x00000000e6200000| Untracked 
|  99|0x00000000e6300000, 0x00000000e6300000, 0x00000000e6400000|  0%| F|  |TAMS 0x00000000e6300000| PB 0x00000000e6300000| Untracked 
| 100|0x00000000e6400000, 0x00000000e6400000, 0x00000000e6500000|  0%| F|  |TAMS 0x00000000e6400000| PB 0x00000000e6400000| Untracked 
| 101|0x00000000e6500000, 0x00000000e6500000, 0x00000000e6600000|  0%| F|  |TAMS 0x00000000e6500000| PB 0x00000000e6500000| Untracked 
| 102|0x00000000e6600000, 0x00000000e6600000, 0x00000000e6700000|  0%| F|  |TAMS 0x00000000e6600000| PB 0x00000000e6600000| Untracked 
| 103|0x00000000e6700000, 0x00000000e6700000, 0x00000000e6800000|  0%| F|  |TAMS 0x00000000e6700000| PB 0x00000000e6700000| Untracked 
| 104|0x00000000e6800000, 0x00000000e6800000, 0x00000000e6900000|  0%| F|  |TAMS 0x00000000e6800000| PB 0x00000000e6800000| Untracked 
| 105|0x00000000e6900000, 0x00000000e6900000, 0x00000000e6a00000|  0%| F|  |TAMS 0x00000000e6900000| PB 0x00000000e6900000| Untracked 
| 106|0x00000000e6a00000, 0x00000000e6a00000, 0x00000000e6b00000|  0%| F|  |TAMS 0x00000000e6a00000| PB 0x00000000e6a00000| Untracked 
| 107|0x00000000e6b00000, 0x00000000e6b00000, 0x00000000e6c00000|  0%| F|  |TAMS 0x00000000e6b00000| PB 0x00000000e6b00000| Untracked 
| 108|0x00000000e6c00000, 0x00000000e6c00000, 0x00000000e6d00000|  0%| F|  |TAMS 0x00000000e6c00000| PB 0x00000000e6c00000| Untracked 
| 109|0x00000000e6d00000, 0x00000000e6d00000, 0x00000000e6e00000|  0%| F|  |TAMS 0x00000000e6d00000| PB 0x00000000e6d00000| Untracked 
| 110|0x00000000e6e00000, 0x00000000e6e00000, 0x00000000e6f00000|  0%| F|  |TAMS 0x00000000e6e00000| PB 0x00000000e6e00000| Untracked 
| 111|0x00000000e6f00000, 0x00000000e6f00000, 0x00000000e7000000|  0%| F|  |TAMS 0x00000000e6f00000| PB 0x00000000e6f00000| Untracked 
| 112|0x00000000e7000000, 0x00000000e7000000, 0x00000000e7100000|  0%| F|  |TAMS 0x00000000e7000000| PB 0x00000000e7000000| Untracked 
| 113|0x00000000e7100000, 0x00000000e7100000, 0x00000000e7200000|  0%| F|  |TAMS 0x00000000e7100000| PB 0x00000000e7100000| Untracked 
| 114|0x00000000e7200000, 0x00000000e7200000, 0x00000000e7300000|  0%| F|  |TAMS 0x00000000e7200000| PB 0x00000000e7200000| Untracked 
| 115|0x00000000e7300000, 0x00000000e7300000, 0x00000000e7400000|  0%| F|  |TAMS 0x00000000e7300000| PB 0x00000000e7300000| Untracked 
| 116|0x00000000e7400000, 0x00000000e7400000, 0x00000000e7500000|  0%| F|  |TAMS 0x00000000e7400000| PB 0x00000000e7400000| Untracked 
| 117|0x00000000e7500000, 0x00000000e7500000, 0x00000000e7600000|  0%| F|  |TAMS 0x00000000e7500000| PB 0x00000000e7500000| Untracked 
| 118|0x00000000e7600000, 0x00000000e7600000, 0x00000000e7700000|  0%| F|  |TAMS 0x00000000e7600000| PB 0x00000000e7600000| Untracked 
| 119|0x00000000e7700000, 0x00000000e7700000, 0x00000000e7800000|  0%| F|  |TAMS 0x00000000e7700000| PB 0x00000000e7700000| Untracked 
| 120|0x00000000e7800000, 0x00000000e7800000, 0x00000000e7900000|  0%| F|  |TAMS 0x00000000e7800000| PB 0x00000000e7800000| Untracked 
| 121|0x00000000e7900000, 0x00000000e7900000, 0x00000000e7a00000|  0%| F|  |TAMS 0x00000000e7900000| PB 0x00000000e7900000| Untracked 
| 122|0x00000000e7a00000, 0x00000000e7a00000, 0x00000000e7b00000|  0%| F|  |TAMS 0x00000000e7a00000| PB 0x00000000e7a00000| Untracked 
| 123|0x00000000e7b00000, 0x00000000e7b00000, 0x00000000e7c00000|  0%| F|  |TAMS 0x00000000e7b00000| PB 0x00000000e7b00000| Untracked 
| 124|0x00000000e7c00000, 0x00000000e7c00000, 0x00000000e7d00000|  0%| F|  |TAMS 0x00000000e7c00000| PB 0x00000000e7c00000| Untracked 
| 125|0x00000000e7d00000, 0x00000000e7d00000, 0x00000000e7e00000|  0%| F|  |TAMS 0x00000000e7d00000| PB 0x00000000e7d00000| Untracked 
| 126|0x00000000e7e00000, 0x00000000e7e00000, 0x00000000e7f00000|  0%| F|  |TAMS 0x00000000e7e00000| PB 0x00000000e7e00000| Untracked 
| 127|0x00000000e7f00000, 0x00000000e7f00000, 0x00000000e8000000|  0%| F|  |TAMS 0x00000000e7f00000| PB 0x00000000e7f00000| Untracked 
| 128|0x00000000e8000000, 0x00000000e8000000, 0x00000000e8100000|  0%| F|  |TAMS 0x00000000e8000000| PB 0x00000000e8000000| Untracked 
| 129|0x00000000e8100000, 0x00000000e8100000, 0x00000000e8200000|  0%| F|  |TAMS 0x00000000e8100000| PB 0x00000000e8100000| Untracked 
| 130|0x00000000e8200000, 0x00000000e8200000, 0x00000000e8300000|  0%| F|  |TAMS 0x00000000e8200000| PB 0x00000000e8200000| Untracked 
| 131|0x00000000e8300000, 0x00000000e8300000, 0x00000000e8400000|  0%| F|  |TAMS 0x00000000e8300000| PB 0x00000000e8300000| Untracked 
| 132|0x00000000e8400000, 0x00000000e8400000, 0x00000000e8500000|  0%| F|  |TAMS 0x00000000e8400000| PB 0x00000000e8400000| Untracked 
| 133|0x00000000e8500000, 0x00000000e8500000, 0x00000000e8600000|  0%| F|  |TAMS 0x00000000e8500000| PB 0x00000000e8500000| Untracked 
| 134|0x00000000e8600000, 0x00000000e8600000, 0x00000000e8700000|  0%| F|  |TAMS 0x00000000e8600000| PB 0x00000000e8600000| Untracked 
| 135|0x00000000e8700000, 0x00000000e8700000, 0x00000000e8800000|  0%| F|  |TAMS 0x00000000e8700000| PB 0x00000000e8700000| Untracked 
| 136|0x00000000e8800000, 0x00000000e8800000, 0x00000000e8900000|  0%| F|  |TAMS 0x00000000e8800000| PB 0x00000000e8800000| Untracked 
| 137|0x00000000e8900000, 0x00000000e8900000, 0x00000000e8a00000|  0%| F|  |TAMS 0x00000000e8900000| PB 0x00000000e8900000| Untracked 
| 138|0x00000000e8a00000, 0x00000000e8a00000, 0x00000000e8b00000|  0%| F|  |TAMS 0x00000000e8a00000| PB 0x00000000e8a00000| Untracked 
| 139|0x00000000e8b00000, 0x00000000e8b00000, 0x00000000e8c00000|  0%| F|  |TAMS 0x00000000e8b00000| PB 0x00000000e8b00000| Untracked 
| 140|0x00000000e8c00000, 0x00000000e8c00000, 0x00000000e8d00000|  0%| F|  |TAMS 0x00000000e8c00000| PB 0x00000000e8c00000| Untracked 
| 141|0x00000000e8d00000, 0x00000000e8d00000, 0x00000000e8e00000|  0%| F|  |TAMS 0x00000000e8d00000| PB 0x00000000e8d00000| Untracked 
| 142|0x00000000e8e00000, 0x00000000e8e00000, 0x00000000e8f00000|  0%| F|  |TAMS 0x00000000e8e00000| PB 0x00000000e8e00000| Untracked 
| 143|0x00000000e8f00000, 0x00000000e8f00000, 0x00000000e9000000|  0%| F|  |TAMS 0x00000000e8f00000| PB 0x00000000e8f00000| Untracked 
| 144|0x00000000e9000000, 0x00000000e9000000, 0x00000000e9100000|  0%| F|  |TAMS 0x00000000e9000000| PB 0x00000000e9000000| Untracked 
| 145|0x00000000e9100000, 0x00000000e9100000, 0x00000000e9200000|  0%| F|  |TAMS 0x00000000e9100000| PB 0x00000000e9100000| Untracked 
| 146|0x00000000e9200000, 0x00000000e9200000, 0x00000000e9300000|  0%| F|  |TAMS 0x00000000e9200000| PB 0x00000000e9200000| Untracked 
| 147|0x00000000e9300000, 0x00000000e9300000, 0x00000000e9400000|  0%| F|  |TAMS 0x00000000e9300000| PB 0x00000000e9300000| Untracked 
| 148|0x00000000e9400000, 0x00000000e9400000, 0x00000000e9500000|  0%| F|  |TAMS 0x00000000e9400000| PB 0x00000000e9400000| Untracked 
| 149|0x00000000e9500000, 0x00000000e9500000, 0x00000000e9600000|  0%| F|  |TAMS 0x00000000e9500000| PB 0x00000000e9500000| Untracked 
| 150|0x00000000e9600000, 0x00000000e9600000, 0x00000000e9700000|  0%| F|  |TAMS 0x00000000e9600000| PB 0x00000000e9600000| Untracked 
| 151|0x00000000e9700000, 0x00000000e9700000, 0x00000000e9800000|  0%| F|  |TAMS 0x00000000e9700000| PB 0x00000000e9700000| Untracked 
| 152|0x00000000e9800000, 0x00000000e9800000, 0x00000000e9900000|  0%| F|  |TAMS 0x00000000e9800000| PB 0x00000000e9800000| Untracked 
| 153|0x00000000e9900000, 0x00000000e9900000, 0x00000000e9a00000|  0%| F|  |TAMS 0x00000000e9900000| PB 0x00000000e9900000| Untracked 
| 154|0x00000000e9a00000, 0x00000000e9a00000, 0x00000000e9b00000|  0%| F|  |TAMS 0x00000000e9a00000| PB 0x00000000e9a00000| Untracked 
| 155|0x00000000e9b00000, 0x00000000e9b00000, 0x00000000e9c00000|  0%| F|  |TAMS 0x00000000e9b00000| PB 0x00000000e9b00000| Untracked 
| 156|0x00000000e9c00000, 0x00000000e9c00000, 0x00000000e9d00000|  0%| F|  |TAMS 0x00000000e9c00000| PB 0x00000000e9c00000| Untracked 
| 157|0x00000000e9d00000, 0x00000000e9d00000, 0x00000000e9e00000|  0%| F|  |TAMS 0x00000000e9d00000| PB 0x00000000e9d00000| Untracked 
| 158|0x00000000e9e00000, 0x00000000e9e00000, 0x00000000e9f00000|  0%| F|  |TAMS 0x00000000e9e00000| PB 0x00000000e9e00000| Untracked 
| 159|0x00000000e9f00000, 0x00000000e9f00000, 0x00000000ea000000|  0%| F|  |TAMS 0x00000000e9f00000| PB 0x00000000e9f00000| Untracked 
| 160|0x00000000ea000000, 0x00000000ea000000, 0x00000000ea100000|  0%| F|  |TAMS 0x00000000ea000000| PB 0x00000000ea000000| Untracked 
| 161|0x00000000ea100000, 0x00000000ea100000, 0x00000000ea200000|  0%| F|  |TAMS 0x00000000ea100000| PB 0x00000000ea100000| Untracked 
| 162|0x00000000ea200000, 0x00000000ea200000, 0x00000000ea300000|  0%| F|  |TAMS 0x00000000ea200000| PB 0x00000000ea200000| Untracked 
| 163|0x00000000ea300000, 0x00000000ea300000, 0x00000000ea400000|  0%| F|  |TAMS 0x00000000ea300000| PB 0x00000000ea300000| Untracked 
| 164|0x00000000ea400000, 0x00000000ea400000, 0x00000000ea500000|  0%| F|  |TAMS 0x00000000ea400000| PB 0x00000000ea400000| Untracked 
| 165|0x00000000ea500000, 0x00000000ea500000, 0x00000000ea600000|  0%| F|  |TAMS 0x00000000ea500000| PB 0x00000000ea500000| Untracked 
| 166|0x00000000ea600000, 0x00000000ea600000, 0x00000000ea700000|  0%| F|  |TAMS 0x00000000ea600000| PB 0x00000000ea600000| Untracked 
| 167|0x00000000ea700000, 0x00000000ea700000, 0x00000000ea800000|  0%| F|  |TAMS 0x00000000ea700000| PB 0x00000000ea700000| Untracked 
| 168|0x00000000ea800000, 0x00000000ea800000, 0x00000000ea900000|  0%| F|  |TAMS 0x00000000ea800000| PB 0x00000000ea800000| Untracked 
| 169|0x00000000ea900000, 0x00000000ea900000, 0x00000000eaa00000|  0%| F|  |TAMS 0x00000000ea900000| PB 0x00000000ea900000| Untracked 
| 170|0x00000000eaa00000, 0x00000000eaa00000, 0x00000000eab00000|  0%| F|  |TAMS 0x00000000eaa00000| PB 0x00000000eaa00000| Untracked 
| 171|0x00000000eab00000, 0x00000000eab00000, 0x00000000eac00000|  0%| F|  |TAMS 0x00000000eab00000| PB 0x00000000eab00000| Untracked 
| 172|0x00000000eac00000, 0x00000000eac00000, 0x00000000ead00000|  0%| F|  |TAMS 0x00000000eac00000| PB 0x00000000eac00000| Untracked 
| 173|0x00000000ead00000, 0x00000000ead00000, 0x00000000eae00000|  0%| F|  |TAMS 0x00000000ead00000| PB 0x00000000ead00000| Untracked 
| 174|0x00000000eae00000, 0x00000000eae00000, 0x00000000eaf00000|  0%| F|  |TAMS 0x00000000eae00000| PB 0x00000000eae00000| Untracked 
| 175|0x00000000eaf00000, 0x00000000eaf00000, 0x00000000eb000000|  0%| F|  |TAMS 0x00000000eaf00000| PB 0x00000000eaf00000| Untracked 
| 176|0x00000000eb000000, 0x00000000eb000000, 0x00000000eb100000|  0%| F|  |TAMS 0x00000000eb000000| PB 0x00000000eb000000| Untracked 
| 177|0x00000000eb100000, 0x00000000eb100000, 0x00000000eb200000|  0%| F|  |TAMS 0x00000000eb100000| PB 0x00000000eb100000| Untracked 
| 178|0x00000000eb200000, 0x00000000eb200000, 0x00000000eb300000|  0%| F|  |TAMS 0x00000000eb200000| PB 0x00000000eb200000| Untracked 
| 179|0x00000000eb300000, 0x00000000eb300000, 0x00000000eb400000|  0%| F|  |TAMS 0x00000000eb300000| PB 0x00000000eb300000| Untracked 
| 180|0x00000000eb400000, 0x00000000eb400000, 0x00000000eb500000|  0%| F|  |TAMS 0x00000000eb400000| PB 0x00000000eb400000| Untracked 
| 181|0x00000000eb500000, 0x00000000eb500000, 0x00000000eb600000|  0%| F|  |TAMS 0x00000000eb500000| PB 0x00000000eb500000| Untracked 
| 182|0x00000000eb600000, 0x00000000eb600000, 0x00000000eb700000|  0%| F|  |TAMS 0x00000000eb600000| PB 0x00000000eb600000| Untracked 
| 183|0x00000000eb700000, 0x00000000eb700000, 0x00000000eb800000|  0%| F|  |TAMS 0x00000000eb700000| PB 0x00000000eb700000| Untracked 
| 184|0x00000000eb800000, 0x00000000eb800000, 0x00000000eb900000|  0%| F|  |TAMS 0x00000000eb800000| PB 0x00000000eb800000| Untracked 
| 185|0x00000000eb900000, 0x00000000eb900000, 0x00000000eba00000|  0%| F|  |TAMS 0x00000000eb900000| PB 0x00000000eb900000| Untracked 
| 186|0x00000000eba00000, 0x00000000eba00000, 0x00000000ebb00000|  0%| F|  |TAMS 0x00000000eba00000| PB 0x00000000eba00000| Untracked 
| 187|0x00000000ebb00000, 0x00000000ebb00000, 0x00000000ebc00000|  0%| F|  |TAMS 0x00000000ebb00000| PB 0x00000000ebb00000| Untracked 
| 188|0x00000000ebc00000, 0x00000000ebc00000, 0x00000000ebd00000|  0%| F|  |TAMS 0x00000000ebc00000| PB 0x00000000ebc00000| Untracked 
| 189|0x00000000ebd00000, 0x00000000ebdbf820, 0x00000000ebe00000| 74%| E|  |TAMS 0x00000000ebd00000| PB 0x00000000ebd00000| Complete 
| 190|0x00000000ebe00000, 0x00000000ebeef1b0, 0x00000000ebf00000| 93%| E|  |TAMS 0x00000000ebe00000| PB 0x00000000ebe00000| Complete 
| 191|0x00000000ebf00000, 0x00000000ec000000, 0x00000000ec000000|100%| E|CS|TAMS 0x00000000ebf00000| PB 0x00000000ebf00000| Complete 
| 192|0x00000000ec000000, 0x00000000ec100000, 0x00000000ec100000|100%| E|CS|TAMS 0x00000000ec000000| PB 0x00000000ec000000| Complete 
| 193|0x00000000ec100000, 0x00000000ec200000, 0x00000000ec200000|100%| E|CS|TAMS 0x00000000ec100000| PB 0x00000000ec100000| Complete 
| 194|0x00000000ec200000, 0x00000000ec300000, 0x00000000ec300000|100%| E|CS|TAMS 0x00000000ec200000| PB 0x00000000ec200000| Complete 
| 195|0x00000000ec300000, 0x00000000ec400000, 0x00000000ec400000|100%| E|CS|TAMS 0x00000000ec300000| PB 0x00000000ec300000| Complete 
| 196|0x00000000ec400000, 0x00000000ec500000, 0x00000000ec500000|100%| E|CS|TAMS 0x00000000ec400000| PB 0x00000000ec400000| Complete 
| 197|0x00000000ec500000, 0x00000000ec600000, 0x00000000ec600000|100%| E|CS|TAMS 0x00000000ec500000| PB 0x00000000ec500000| Complete 
| 198|0x00000000ec600000, 0x00000000ec700000, 0x00000000ec700000|100%| E|CS|TAMS 0x00000000ec600000| PB 0x00000000ec600000| Complete 
| 199|0x00000000ec700000, 0x00000000ec800000, 0x00000000ec800000|100%| E|CS|TAMS 0x00000000ec700000| PB 0x00000000ec700000| Complete 
| 200|0x00000000ec800000, 0x00000000ec900000, 0x00000000ec900000|100%| E|CS|TAMS 0x00000000ec800000| PB 0x00000000ec800000| Complete 
| 201|0x00000000ec900000, 0x00000000eca00000, 0x00000000eca00000|100%| E|CS|TAMS 0x00000000ec900000| PB 0x00000000ec900000| Complete 
| 202|0x00000000eca00000, 0x00000000ecb00000, 0x00000000ecb00000|100%| E|CS|TAMS 0x00000000eca00000| PB 0x00000000eca00000| Complete 
| 203|0x00000000ecb00000, 0x00000000ecc00000, 0x00000000ecc00000|100%| E|CS|TAMS 0x00000000ecb00000| PB 0x00000000ecb00000| Complete 
| 204|0x00000000ecc00000, 0x00000000ecd00000, 0x00000000ecd00000|100%| E|CS|TAMS 0x00000000ecc00000| PB 0x00000000ecc00000| Complete 
| 205|0x00000000ecd00000, 0x00000000ece00000, 0x00000000ece00000|100%| E|CS|TAMS 0x00000000ecd00000| PB 0x00000000ecd00000| Complete 
| 206|0x00000000ece00000, 0x00000000ecf00000, 0x00000000ecf00000|100%| E|CS|TAMS 0x00000000ece00000| PB 0x00000000ece00000| Complete 
| 207|0x00000000ecf00000, 0x00000000ed000000, 0x00000000ed000000|100%| E|CS|TAMS 0x00000000ecf00000| PB 0x00000000ecf00000| Complete 
| 208|0x00000000ed000000, 0x00000000ed100000, 0x00000000ed100000|100%| E|CS|TAMS 0x00000000ed000000| PB 0x00000000ed000000| Complete 
| 209|0x00000000ed100000, 0x00000000ed200000, 0x00000000ed200000|100%| E|CS|TAMS 0x00000000ed100000| PB 0x00000000ed100000| Complete 
| 210|0x00000000ed200000, 0x00000000ed300000, 0x00000000ed300000|100%| E|CS|TAMS 0x00000000ed200000| PB 0x00000000ed200000| Complete 
| 211|0x00000000ed300000, 0x00000000ed400000, 0x00000000ed400000|100%| E|CS|TAMS 0x00000000ed300000| PB 0x00000000ed300000| Complete 
| 212|0x00000000ed400000, 0x00000000ed500000, 0x00000000ed500000|100%| E|CS|TAMS 0x00000000ed400000| PB 0x00000000ed400000| Complete 
| 213|0x00000000ed500000, 0x00000000ed600000, 0x00000000ed600000|100%| E|CS|TAMS 0x00000000ed500000| PB 0x00000000ed500000| Complete 
| 214|0x00000000ed600000, 0x00000000ed700000, 0x00000000ed700000|100%| E|CS|TAMS 0x00000000ed600000| PB 0x00000000ed600000| Complete 
| 215|0x00000000ed700000, 0x00000000ed800000, 0x00000000ed800000|100%| E|CS|TAMS 0x00000000ed700000| PB 0x00000000ed700000| Complete 
| 216|0x00000000ed800000, 0x00000000ed900000, 0x00000000ed900000|100%| E|CS|TAMS 0x00000000ed800000| PB 0x00000000ed800000| Complete 
| 217|0x00000000ed900000, 0x00000000eda00000, 0x00000000eda00000|100%| E|CS|TAMS 0x00000000ed900000| PB 0x00000000ed900000| Complete 
| 218|0x00000000eda00000, 0x00000000edb00000, 0x00000000edb00000|100%| E|CS|TAMS 0x00000000eda00000| PB 0x00000000eda00000| Complete 
| 219|0x00000000edb00000, 0x00000000edc00000, 0x00000000edc00000|100%| E|CS|TAMS 0x00000000edb00000| PB 0x00000000edb00000| Complete 
| 220|0x00000000edc00000, 0x00000000edd00000, 0x00000000edd00000|100%| E|CS|TAMS 0x00000000edc00000| PB 0x00000000edc00000| Complete 
| 221|0x00000000edd00000, 0x00000000ede00000, 0x00000000ede00000|100%| E|CS|TAMS 0x00000000edd00000| PB 0x00000000edd00000| Complete 
| 222|0x00000000ede00000, 0x00000000edf00000, 0x00000000edf00000|100%| E|CS|TAMS 0x00000000ede00000| PB 0x00000000ede00000| Complete 
| 223|0x00000000edf00000, 0x00000000ee000000, 0x00000000ee000000|100%| E|CS|TAMS 0x00000000edf00000| PB 0x00000000edf00000| Complete 
| 224|0x00000000ee000000, 0x00000000ee100000, 0x00000000ee100000|100%| E|CS|TAMS 0x00000000ee000000| PB 0x00000000ee000000| Complete 
| 225|0x00000000ee100000, 0x00000000ee200000, 0x00000000ee200000|100%| E|CS|TAMS 0x00000000ee100000| PB 0x00000000ee100000| Complete 
| 226|0x00000000ee200000, 0x00000000ee300000, 0x00000000ee300000|100%| E|CS|TAMS 0x00000000ee200000| PB 0x00000000ee200000| Complete 
| 227|0x00000000ee300000, 0x00000000ee400000, 0x00000000ee400000|100%| E|CS|TAMS 0x00000000ee300000| PB 0x00000000ee300000| Complete 
| 228|0x00000000ee400000, 0x00000000ee500000, 0x00000000ee500000|100%| E|CS|TAMS 0x00000000ee400000| PB 0x00000000ee400000| Complete 
| 229|0x00000000ee500000, 0x00000000ee600000, 0x00000000ee600000|100%| E|CS|TAMS 0x00000000ee500000| PB 0x00000000ee500000| Complete 
| 230|0x00000000ee600000, 0x00000000ee700000, 0x00000000ee700000|100%| E|CS|TAMS 0x00000000ee600000| PB 0x00000000ee600000| Complete 
| 231|0x00000000ee700000, 0x00000000ee800000, 0x00000000ee800000|100%| E|CS|TAMS 0x00000000ee700000| PB 0x00000000ee700000| Complete 
| 232|0x00000000ee800000, 0x00000000ee900000, 0x00000000ee900000|100%| E|CS|TAMS 0x00000000ee800000| PB 0x00000000ee800000| Complete 
| 233|0x00000000ee900000, 0x00000000eea00000, 0x00000000eea00000|100%| E|CS|TAMS 0x00000000ee900000| PB 0x00000000ee900000| Complete 
| 234|0x00000000eea00000, 0x00000000eeb00000, 0x00000000eeb00000|100%| E|CS|TAMS 0x00000000eea00000| PB 0x00000000eea00000| Complete 
| 235|0x00000000eeb00000, 0x00000000eec00000, 0x00000000eec00000|100%| E|CS|TAMS 0x00000000eeb00000| PB 0x00000000eeb00000| Complete 
| 236|0x00000000eec00000, 0x00000000eed00000, 0x00000000eed00000|100%| E|CS|TAMS 0x00000000eec00000| PB 0x00000000eec00000| Complete 
| 237|0x00000000eed00000, 0x00000000eed76190, 0x00000000eee00000| 46%| S|CS|TAMS 0x00000000eed00000| PB 0x00000000eed00000| Complete 
| 238|0x00000000eee00000, 0x00000000eef00000, 0x00000000eef00000|100%| S|CS|TAMS 0x00000000eee00000| PB 0x00000000eee00000| Complete 
| 239|0x00000000eef00000, 0x00000000ef000000, 0x00000000ef000000|100%| S|CS|TAMS 0x00000000eef00000| PB 0x00000000eef00000| Complete 
| 240|0x00000000ef000000, 0x00000000ef100000, 0x00000000ef100000|100%| S|CS|TAMS 0x00000000ef000000| PB 0x00000000ef000000| Complete 
| 241|0x00000000ef100000, 0x00000000ef200000, 0x00000000ef200000|100%| S|CS|TAMS 0x00000000ef100000| PB 0x00000000ef100000| Complete 
| 242|0x00000000ef200000, 0x00000000ef300000, 0x00000000ef300000|100%| S|CS|TAMS 0x00000000ef200000| PB 0x00000000ef200000| Complete 
| 243|0x00000000ef300000, 0x00000000ef400000, 0x00000000ef400000|100%| S|CS|TAMS 0x00000000ef300000| PB 0x00000000ef300000| Complete 
| 244|0x00000000ef400000, 0x00000000ef500000, 0x00000000ef500000|100%| S|CS|TAMS 0x00000000ef400000| PB 0x00000000ef400000| Complete 
| 245|0x00000000ef500000, 0x00000000ef600000, 0x00000000ef600000|100%| E|CS|TAMS 0x00000000ef500000| PB 0x00000000ef500000| Complete 
| 246|0x00000000ef600000, 0x00000000ef700000, 0x00000000ef700000|100%| E|CS|TAMS 0x00000000ef600000| PB 0x00000000ef600000| Complete 
| 247|0x00000000ef700000, 0x00000000ef800000, 0x00000000ef800000|100%| E|CS|TAMS 0x00000000ef700000| PB 0x00000000ef700000| Complete 
| 248|0x00000000ef800000, 0x00000000ef900000, 0x00000000ef900000|100%| E|CS|TAMS 0x00000000ef800000| PB 0x00000000ef800000| Complete 
| 249|0x00000000ef900000, 0x00000000efa00000, 0x00000000efa00000|100%| E|CS|TAMS 0x00000000ef900000| PB 0x00000000ef900000| Complete 
| 250|0x00000000efa00000, 0x00000000efb00000, 0x00000000efb00000|100%| E|CS|TAMS 0x00000000efa00000| PB 0x00000000efa00000| Complete 
| 251|0x00000000efb00000, 0x00000000efc00000, 0x00000000efc00000|100%| E|CS|TAMS 0x00000000efb00000| PB 0x00000000efb00000| Complete 
| 252|0x00000000efc00000, 0x00000000efd00000, 0x00000000efd00000|100%| E|CS|TAMS 0x00000000efc00000| PB 0x00000000efc00000| Complete 
| 253|0x00000000efd00000, 0x00000000efe00000, 0x00000000efe00000|100%| E|CS|TAMS 0x00000000efd00000| PB 0x00000000efd00000| Complete 
| 254|0x00000000efe00000, 0x00000000eff00000, 0x00000000eff00000|100%| E|CS|TAMS 0x00000000efe00000| PB 0x00000000efe00000| Complete 
| 255|0x00000000eff00000, 0x00000000f0000000, 0x00000000f0000000|100%| E|CS|TAMS 0x00000000eff00000| PB 0x00000000eff00000| Complete 

Card table byte_map: [0x000001de71b10000,0x000001de71c10000] _byte_map_base: 0x000001de71410000

Marking Bits: (CMBitMap*) 0x000001de5f2edcd0
 Bits: [0x000001de71c10000, 0x000001de72410000)

Polling page: 0x000001de5d040000

Metaspace:

Usage:
  Non-class:     34.25 MB used.
      Class:      5.78 MB used.
       Both:     40.03 MB used.

Virtual space:
  Non-class space:       64.00 MB reserved,      34.94 MB ( 55%) committed,  1 nodes.
      Class space:      320.00 MB reserved,       6.44 MB (  2%) committed,  1 nodes.
             Both:      384.00 MB reserved,      41.38 MB ( 11%) committed. 

Chunk freelists:
   Non-Class:  13.05 MB
       Class:  9.42 MB
        Both:  22.45 MB

MaxMetaspaceSize: 384.00 MB
CompressedClassSpaceSize: 320.00 MB
Initial GC threshold: 21.00 MB
Current GC threshold: 59.69 MB
CDS: on
 - commit_granule_bytes: 65536.
 - commit_granule_words: 8192.
 - virtual_space_node_default_size: 8388608.
 - enlarge_chunks_in_place: 1.
 - use_allocation_guard: 0.


Internal statistics:

num_allocs_failed_limit: 12.
num_arena_births: 2352.
num_arena_deaths: 0.
num_vsnodes_births: 2.
num_vsnodes_deaths: 0.
num_space_committed: 662.
num_space_uncommitted: 0.
num_chunks_returned_to_freelist: 12.
num_chunks_taken_from_freelist: 4161.
num_chunk_merges: 9.
num_chunk_splits: 2736.
num_chunks_enlarged: 1741.
num_inconsistent_stats: 0.

CodeHeap 'non-profiled nmethods': size=120000Kb used=2085Kb max_used=2145Kb free=117914Kb
 bounds [0x000001de69f90000, 0x000001de6a200000, 0x000001de714c0000]
CodeHeap 'profiled nmethods': size=120000Kb used=8169Kb max_used=8180Kb free=111831Kb
 bounds [0x000001de624c0000, 0x000001de62cd0000, 0x000001de699f0000]
CodeHeap 'non-nmethods': size=5760Kb used=2554Kb max_used=2603Kb free=3205Kb
 bounds [0x000001de699f0000, 0x000001de69c90000, 0x000001de69f90000]
CodeCache: size=245760Kb, used=12808Kb, max_used=12928Kb, free=232950Kb
 total_blobs=4902, nmethods=4077, adapters=729, full_count=0
Compilation: enabled, stopped_count=0, restarted_count=0

Compilation events (20 events):
Event: 7.507 Thread 0x000001de750d7bb0 4560       2       org.objectweb.asm.Label::accept (69 bytes)
Event: 7.508 Thread 0x000001de750d7bb0 nmethod 4560 0x000001de624fad10 code [0x000001de624faee0, 0x000001de624fb1a0]
Event: 7.508 Thread 0x000001de750d7bb0 4561       2       org.objectweb.asm.Label::addLineNumber (106 bytes)
Event: 7.508 Thread 0x000001de750d7bb0 nmethod 4561 0x000001de624fa510 code [0x000001de624fa6e0, 0x000001de624fab50]
Event: 7.513 Thread 0x000001de750d7bb0 4562       3       org.objectweb.asm.ClassReader::readUtf (44 bytes)
Event: 7.513 Thread 0x000001de750d7bb0 nmethod 4562 0x000001de624f9d90 code [0x000001de624f9f80, 0x000001de624fa370]
Event: 7.513 Thread 0x000001de750d7bb0 4564       2       org.objectweb.asm.ClassReader::readCode (5117 bytes)
Event: 7.521 Thread 0x000001de750d7bb0 nmethod 4564 0x000001de62cbd010 code [0x000001de62cbddc0, 0x000001de62cc59b8]
Event: 7.521 Thread 0x000001de750d7bb0 4563       2       org.objectweb.asm.MethodWriter::visitLocalVariable (222 bytes)
Event: 7.522 Thread 0x000001de750d7bb0 nmethod 4563 0x000001de624f8a90 code [0x000001de624f8d40, 0x000001de624f96f0]
Event: 7.522 Thread 0x000001de750d7bb0 4565       2       org.objectweb.asm.MethodWriter::visitLineNumber (50 bytes)
Event: 7.522 Thread 0x000001de750d7bb0 nmethod 4565 0x000001de624f8390 code [0x000001de624f8560, 0x000001de624f88c0]
Event: 7.524 Thread 0x000001de750d7bb0 4566   !   3       java.lang.ClassLoader::loadClass (121 bytes)
Event: 7.525 Thread 0x000001de750d7bb0 nmethod 4566 0x000001de624f6e10 code [0x000001de624f70e0, 0x000001de624f7d50]
Event: 7.700 Thread 0x000001de750d7bb0 4567       1       java.util.Spliterators$EmptySpliterator::characteristics (4 bytes)
Event: 7.700 Thread 0x000001de750d7bb0 nmethod 4567 0x000001de6a014c10 code [0x000001de6a014da0, 0x000001de6a014e68]
Event: 8.088 Thread 0x000001de750d7bb0 4568   !   2       java.lang.Thread::beforeSleep (33 bytes)
Event: 8.088 Thread 0x000001de750d7bb0 nmethod 4568 0x000001de626b0b10 code [0x000001de626b0ca0, 0x000001de626b0d90]
Event: 8.088 Thread 0x000001de750d7bb0 4569       2       jdk.internal.event.ThreadSleepEvent::isTurnedOn (7 bytes)
Event: 8.088 Thread 0x000001de750d7bb0 nmethod 4569 0x000001de627dcb90 code [0x000001de627dcd20, 0x000001de627dce08]

GC Heap History (14 events):
Event: 0.420 GC heap before
{Heap before GC invocations=0 (full 0):
 garbage-first heap   total 262144K, used 26624K [0x00000000e0000000, 0x0000000100000000)
  region size 1024K, 23 young (23552K), 0 survivors (0K)
 Metaspace       used 1067K, committed 1216K, reserved 393216K
  class space    used 80K, committed 128K, reserved 327680K
}
Event: 0.423 GC heap after
{Heap after GC invocations=1 (full 0):
 garbage-first heap   total 262144K, used 9201K [0x00000000e0000000, 0x0000000100000000)
  region size 1024K, 3 young (3072K), 3 survivors (3072K)
 Metaspace       used 1067K, committed 1216K, reserved 393216K
  class space    used 80K, committed 128K, reserved 327680K
}
Event: 0.989 GC heap before
{Heap before GC invocations=1 (full 0):
 garbage-first heap   total 262144K, used 39921K [0x00000000e0000000, 0x0000000100000000)
  region size 1024K, 34 young (34816K), 3 survivors (3072K)
 Metaspace       used 4258K, committed 4416K, reserved 393216K
  class space    used 546K, committed 640K, reserved 327680K
}
Event: 0.992 GC heap after
{Heap after GC invocations=2 (full 0):
 garbage-first heap   total 262144K, used 11957K [0x00000000e0000000, 0x0000000100000000)
  region size 1024K, 3 young (3072K), 3 survivors (3072K)
 Metaspace       used 4258K, committed 4416K, reserved 393216K
  class space    used 546K, committed 640K, reserved 327680K
}
Event: 1.581 GC heap before
{Heap before GC invocations=2 (full 0):
 garbage-first heap   total 262144K, used 58037K [0x00000000e0000000, 0x0000000100000000)
  region size 1024K, 47 young (48128K), 3 survivors (3072K)
 Metaspace       used 5791K, committed 6016K, reserved 393216K
  class space    used 775K, committed 896K, reserved 327680K
}
Event: 1.586 GC heap after
{Heap after GC invocations=3 (full 0):
 garbage-first heap   total 262144K, used 18244K [0x00000000e0000000, 0x0000000100000000)
  region size 1024K, 6 young (6144K), 6 survivors (6144K)
 Metaspace       used 5791K, committed 6016K, reserved 393216K
  class space    used 775K, committed 896K, reserved 327680K
}
Event: 4.239 GC heap before
{Heap before GC invocations=3 (full 0):
 garbage-first heap   total 262144K, used 106308K [0x00000000e0000000, 0x0000000100000000)
  region size 1024K, 93 young (95232K), 6 survivors (6144K)
 Metaspace       used 20786K, committed 21504K, reserved 393216K
  class space    used 3074K, committed 3456K, reserved 327680K
}
Event: 4.247 GC heap after
{Heap after GC invocations=4 (full 0):
 garbage-first heap   total 262144K, used 25280K [0x00000000e0000000, 0x0000000100000000)
  region size 1024K, 13 young (13312K), 13 survivors (13312K)
 Metaspace       used 20786K, committed 21504K, reserved 393216K
  class space    used 3074K, committed 3456K, reserved 327680K
}
Event: 5.744 GC heap before
{Heap before GC invocations=5 (full 0):
 garbage-first heap   total 262144K, used 117440K [0x00000000e0000000, 0x0000000100000000)
  region size 1024K, 105 young (107520K), 13 survivors (13312K)
 Metaspace       used 34765K, committed 35968K, reserved 393216K
  class space    used 5162K, committed 5760K, reserved 327680K
}
Event: 5.753 GC heap after
{Heap after GC invocations=6 (full 0):
 garbage-first heap   total 262144K, used 32745K [0x00000000e0000000, 0x0000000100000000)
  region size 1024K, 14 young (14336K), 14 survivors (14336K)
 Metaspace       used 34765K, committed 35968K, reserved 393216K
  class space    used 5162K, committed 5760K, reserved 327680K
}
Event: 5.770 GC heap before
{Heap before GC invocations=6 (full 0):
 garbage-first heap   total 262144K, used 32745K [0x00000000e0000000, 0x0000000100000000)
  region size 1024K, 15 young (15360K), 14 survivors (14336K)
 Metaspace       used 35024K, committed 36288K, reserved 393216K
  class space    used 5181K, committed 5824K, reserved 327680K
}
Event: 5.777 GC heap after
{Heap after GC invocations=7 (full 0):
 garbage-first heap   total 262144K, used 32321K [0x00000000e0000000, 0x0000000100000000)
  region size 1024K, 7 young (7168K), 7 survivors (7168K)
 Metaspace       used 35024K, committed 36288K, reserved 393216K
  class space    used 5181K, committed 5824K, reserved 327680K
}
Event: 5.823 GC heap before
{Heap before GC invocations=7 (full 0):
 garbage-first heap   total 262144K, used 34369K [0x00000000e0000000, 0x0000000100000000)
  region size 1024K, 11 young (11264K), 7 survivors (7168K)
 Metaspace       used 35420K, committed 36608K, reserved 393216K
  class space    used 5221K, committed 5824K, reserved 327680K
}
Event: 5.827 GC heap after
{Heap after GC invocations=8 (full 0):
 garbage-first heap   total 262144K, used 32793K [0x00000000e0000000, 0x0000000100000000)
  region size 1024K, 8 young (8192K), 8 survivors (8192K)
 Metaspace       used 35420K, committed 36608K, reserved 393216K
  class space    used 5221K, committed 5824K, reserved 327680K
}

Dll operation events (14 events):
Event: 0.016 Loaded shared library C:\Users\programador.02\.windsurf\extensions\redhat.java-1.55.0-win32-x64\jre\21.0.11-win32-x86_64\bin\java.dll
Event: 0.081 Loaded shared library C:\Users\programador.02\.windsurf\extensions\redhat.java-1.55.0-win32-x64\jre\21.0.11-win32-x86_64\bin\zip.dll
Event: 0.100 Loaded shared library C:\Users\programador.02\.windsurf\extensions\redhat.java-1.55.0-win32-x64\jre\21.0.11-win32-x86_64\bin\instrument.dll
Event: 0.107 Loaded shared library C:\Users\programador.02\.windsurf\extensions\redhat.java-1.55.0-win32-x64\jre\21.0.11-win32-x86_64\bin\net.dll
Event: 0.111 Loaded shared library C:\Users\programador.02\.windsurf\extensions\redhat.java-1.55.0-win32-x64\jre\21.0.11-win32-x86_64\bin\nio.dll
Event: 0.114 Loaded shared library C:\Users\programador.02\.windsurf\extensions\redhat.java-1.55.0-win32-x64\jre\21.0.11-win32-x86_64\bin\zip.dll
Event: 0.337 Loaded shared library C:\Users\programador.02\.windsurf\extensions\redhat.java-1.55.0-win32-x64\jre\21.0.11-win32-x86_64\bin\jimage.dll
Event: 0.452 Loaded shared library C:\Users\programador.02\.windsurf\extensions\redhat.java-1.55.0-win32-x64\jre\21.0.11-win32-x86_64\bin\verify.dll
Event: 0.593 Loaded shared library C:\Users\programador.02\.gradle\native\c067742578af261105cb4f569cf0c3c89f3d7b1fecec35dd04571415982c5e48\windows-amd64\native-platform.dll
Event: 0.605 Loaded shared library C:\Users\programador.02\.gradle\native\100fb08df4bc3b14c8652ba06237920a3bd2aa13389f12d3474272988ae205f9\windows-amd64\native-platform-file-events.dll
Event: 1.641 Loaded shared library C:\Users\programador.02\.windsurf\extensions\redhat.java-1.55.0-win32-x64\jre\21.0.11-win32-x86_64\bin\management.dll
Event: 1.645 Loaded shared library C:\Users\programador.02\.windsurf\extensions\redhat.java-1.55.0-win32-x64\jre\21.0.11-win32-x86_64\bin\management_ext.dll
Event: 1.871 Loaded shared library C:\Users\programador.02\.windsurf\extensions\redhat.java-1.55.0-win32-x64\jre\21.0.11-win32-x86_64\bin\extnet.dll
Event: 2.072 Loaded shared library C:\Users\programador.02\.windsurf\extensions\redhat.java-1.55.0-win32-x64\jre\21.0.11-win32-x86_64\bin\sunmscapi.dll

Deoptimization events (20 events):
Event: 6.294 Thread 0x000001de7b1a00e0 DEOPT PACKING pc=0x000001de6259b7b9 sp=0x0000003fa41f9c90
Event: 6.294 Thread 0x000001de7b1a00e0 DEOPT UNPACKING pc=0x000001de69a44bc2 sp=0x0000003fa41f9190 mode 0
Event: 6.428 Thread 0x000001de7b1a00e0 Uncommon trap: trap_request=0xffffff45 fr.pc=0x000001de6a17938c relative=0x000000000000036c
Event: 6.428 Thread 0x000001de7b1a00e0 Uncommon trap: reason=unstable_if action=reinterpret pc=0x000001de6a17938c method=org.gradle.internal.reflect.PropertyAccessorType.isGetGetterName(Ljava/lang/String;)Z @ 14 c2
Event: 6.428 Thread 0x000001de7b1a00e0 DEOPT PACKING pc=0x000001de6a17938c sp=0x0000003fa41f9700
Event: 6.428 Thread 0x000001de7b1a00e0 DEOPT UNPACKING pc=0x000001de69a44422 sp=0x0000003fa41f9658 mode 2
Event: 7.466 Thread 0x000001de7b1a00e0 DEOPT PACKING pc=0x000001de62979cc6 sp=0x0000003fa41f3f20
Event: 7.466 Thread 0x000001de7b1a00e0 DEOPT UNPACKING pc=0x000001de69a44bc2 sp=0x0000003fa41f34a0 mode 0
Event: 7.470 Thread 0x000001de7b1a00e0 Uncommon trap: trap_request=0xffffffc6 fr.pc=0x000001de6a1864c0 relative=0x0000000000000260
Event: 7.470 Thread 0x000001de7b1a00e0 Uncommon trap: reason=bimorphic_or_optimized_type_check action=maybe_recompile pc=0x000001de6a1864c0 method=java.util.Spliterators$IteratorSpliterator.tryAdvance(Ljava/util/function/Consumer;)Z @ 50 c2
Event: 7.470 Thread 0x000001de7b1a00e0 DEOPT PACKING pc=0x000001de6a1864c0 sp=0x0000003fa41f99d0
Event: 7.470 Thread 0x000001de7b1a00e0 DEOPT UNPACKING pc=0x000001de69a44422 sp=0x0000003fa41f9970 mode 2
Event: 7.478 Thread 0x000001de7b1a00e0 Uncommon trap: trap_request=0xffffff45 fr.pc=0x000001de6a146ba8 relative=0x0000000000000108
Event: 7.478 Thread 0x000001de7b1a00e0 Uncommon trap: reason=unstable_if action=reinterpret pc=0x000001de6a146ba8 method=org.objectweb.asm.ByteVector.putShort(I)Lorg/objectweb/asm/ByteVector; @ 13 c2
Event: 7.478 Thread 0x000001de7b1a00e0 DEOPT PACKING pc=0x000001de6a146ba8 sp=0x0000003fa41f8830
Event: 7.478 Thread 0x000001de7b1a00e0 DEOPT UNPACKING pc=0x000001de69a44422 sp=0x0000003fa41f87c8 mode 2
Event: 7.503 Thread 0x000001de7b1a00e0 Uncommon trap: trap_request=0x00000005 fr.pc=0x000001de6a1b0d48 relative=0x0000000000007ce8
Event: 7.503 Thread 0x000001de7b1a00e0 Uncommon trap: reason=unloaded action=reinterpret pc=0x000001de6a1b0d48 method=org.gradle.internal.classloader.TransformingClassLoader.findClass(Ljava/lang/String;)Ljava/lang/Class; @ 14 c2
Event: 7.503 Thread 0x000001de7b1a00e0 DEOPT PACKING pc=0x000001de6a1b0d48 sp=0x0000003fa41f5790
Event: 7.503 Thread 0x000001de7b1a00e0 DEOPT UNPACKING pc=0x000001de69a44422 sp=0x0000003fa41f5760 mode 2

Classes loaded (20 events):
Event: 6.190 Loading class java/nio/file/AtomicMoveNotSupportedException
Event: 6.190 Loading class java/nio/file/AtomicMoveNotSupportedException done
Event: 6.202 Loading class java/io/FileWriter
Event: 6.202 Loading class java/io/FileWriter done
Event: 6.248 Loading class java/util/function/IntBinaryOperator
Event: 6.248 Loading class java/util/function/IntBinaryOperator done
Event: 6.266 Loading class sun/reflect/generics/tree/BooleanSignature
Event: 6.266 Loading class sun/reflect/generics/tree/BooleanSignature done
Event: 6.275 Loading class org/xml/sax/Locator
Event: 6.276 Loading class org/xml/sax/Locator done
Event: 6.276 Loading class org/xml/sax/SAXParseException
Event: 6.276 Loading class org/xml/sax/SAXParseException done
Event: 6.277 Loading class org/xml/sax/Attributes
Event: 6.277 Loading class org/xml/sax/Attributes done
Event: 6.418 Loading class java/util/function/LongUnaryOperator
Event: 6.418 Loading class java/util/function/LongUnaryOperator done
Event: 6.420 Loading class java/lang/StringIndexOutOfBoundsException
Event: 6.420 Loading class java/lang/StringIndexOutOfBoundsException done
Event: 6.449 Loading class java/util/DualPivotQuicksort
Event: 6.449 Loading class java/util/DualPivotQuicksort done

Classes unloaded (0 events):
No events

Classes redefined (0 events):
No events

Internal exceptions (20 events):
Event: 6.001 Thread 0x000001de7b1a00e0 Exception <a 'java/lang/ClassNotFoundException'{0x00000000ede21a78}: org/gradle/api/internal/project/AbstractPluginAwareCustomizer> (0x00000000ede21a78) 
thrown [s\src\hotspot\share\classfile\systemDictionary.cpp, line 313]
Event: 6.002 Thread 0x000001de7b1a00e0 Exception <a 'java/lang/ClassNotFoundException'{0x00000000ede34c70}: org/gradle/invocation/DefaultGradleCustomizer> (0x00000000ede34c70) 
thrown [s\src\hotspot\share\classfile\systemDictionary.cpp, line 313]
Event: 6.005 Thread 0x000001de7b1a00e0 Exception <a 'java/lang/ClassNotFoundException'{0x00000000ede755a8}: org/gradle/invocation/DefaultGradle_DecoratedCustomizer> (0x00000000ede755a8) 
thrown [s\src\hotspot\share\classfile\systemDictionary.cpp, line 313]
Event: 6.065 Thread 0x000001de7b1a00e0 Exception <a 'java/lang/NoSuchMethodError'{0x00000000edb67458}: 'java.lang.Object java.lang.invoke.DirectMethodHandle$Holder.newInvokeSpecial(java.lang.Object, java.lang.Object, java.lang.Object, java.lang.Object, java.lang.Object, java.lang.Object, java.lang.Object, java.lang.Object, java.lang.Object)'> (0x00000000edb67458) 
thrown [s\src\hotspot\share\interpreter\linkResolver.cpp, line 773]
Event: 6.078 Thread 0x000001de7b1a00e0 Exception <a 'java/lang/IncompatibleClassChangeError'{0x00000000edbec028}: Found class java.lang.Object, but interface was expected> (0x00000000edbec028) 
thrown [s\src\hotspot\share\interpreter\linkResolver.cpp, line 840]
Event: 6.101 Thread 0x000001de7b1a00e0 Exception <a 'sun/nio/fs/WindowsException'{0x00000000edabdce8}> (0x00000000edabdce8) 
thrown [s\src\hotspot\share\prims\jni.cpp, line 520]
Event: 6.103 Thread 0x000001de7b1a00e0 Exception <a 'sun/nio/fs/WindowsException'{0x00000000edabf278}> (0x00000000edabf278) 
thrown [s\src\hotspot\share\prims\jni.cpp, line 520]
Event: 6.103 Thread 0x000001de7b1a00e0 Exception <a 'sun/nio/fs/WindowsException'{0x00000000edac07b0}> (0x00000000edac07b0) 
thrown [s\src\hotspot\share\prims\jni.cpp, line 520]
Event: 6.104 Thread 0x000001de7b1a00e0 Exception <a 'sun/nio/fs/WindowsException'{0x00000000edac1d08}> (0x00000000edac1d08) 
thrown [s\src\hotspot\share\prims\jni.cpp, line 520]
Event: 6.113 Thread 0x000001de7b1a00e0 Exception <a 'java/lang/IncompatibleClassChangeError'{0x00000000ed9298f0}: Found class java.lang.Object, but interface was expected> (0x00000000ed9298f0) 
thrown [s\src\hotspot\share\interpreter\linkResolver.cpp, line 840]
Event: 6.131 Thread 0x000001de7b1a00e0 Implicit null exception at 0x000001de6a18c9fc to 0x000001de6a18cab4
Event: 6.239 Thread 0x000001de7b1a00e0 Exception <a 'java/lang/ClassNotFoundException'{0x00000000ed0ca2a0}: org/gradle/internal/metaobject/ConfigureDelegateBeanInfo> (0x00000000ed0ca2a0) 
thrown [s\src\hotspot\share\classfile\systemDictionary.cpp, line 313]
Event: 6.239 Thread 0x000001de7b1a00e0 Exception <a 'java/lang/ClassNotFoundException'{0x00000000ed0d4c50}: org/gradle/internal/metaobject/ConfigureDelegateCustomizer> (0x00000000ed0d4c50) 
thrown [s\src\hotspot\share\classfile\systemDictionary.cpp, line 313]
Event: 6.263 Thread 0x000001de7b1a00e0 Exception <a 'java/lang/ClassNotFoundException'{0x00000000ece7f380}: org/gradle/api/internal/project/DefaultProject_DecoratedBeanInfo> (0x00000000ece7f380) 
thrown [s\src\hotspot\share\classfile\systemDictionary.cpp, line 313]
Event: 6.263 Thread 0x000001de7b1a00e0 Exception <a 'java/lang/ClassNotFoundException'{0x00000000ece8af38}: org/gradle/api/internal/project/DefaultProjectBeanInfo> (0x00000000ece8af38) 
thrown [s\src\hotspot\share\classfile\systemDictionary.cpp, line 313]
Event: 6.263 Thread 0x000001de7b1a00e0 Exception <a 'java/lang/ClassNotFoundException'{0x00000000ece96b70}: org/gradle/api/internal/project/DefaultProjectCustomizer> (0x00000000ece96b70) 
thrown [s\src\hotspot\share\classfile\systemDictionary.cpp, line 313]
Event: 6.271 Thread 0x000001de7b1a00e0 Exception <a 'java/lang/ClassNotFoundException'{0x00000000ecd48e78}: org/gradle/api/internal/project/DefaultProject_DecoratedCustomizer> (0x00000000ecd48e78) 
thrown [s\src\hotspot\share\classfile\systemDictionary.cpp, line 313]
Event: 6.282 Thread 0x000001de7b1a00e0 Exception <a 'java/lang/ClassNotFoundException'{0x00000000ecdf7668}: org/gradle/configuration/internal/DefaultListenerBuildOperationDecorator$BuildOperationEmittingClosureBeanInfo> (0x00000000ecdf7668) 
thrown [s\src\hotspot\share\classfile\systemDictionary.cpp, line 313]
Event: 6.282 Thread 0x000001de7b1a00e0 Exception <a 'java/lang/ClassNotFoundException'{0x00000000ecc03ce0}: org/gradle/configuration/internal/DefaultListenerBuildOperationDecorator$BuildOperationEmittingClosureCustomizer> (0x00000000ecc03ce0) 
thrown [s\src\hotspot\share\classfile\systemDictionary.cpp, line 313]
Event: 6.418 Thread 0x000001de7b1a00e0 Exception <a 'java/lang/NoSuchMethodError'{0x00000000ec788a48}: 'long java.lang.invoke.DirectMethodHandle$Holder.invokeStatic(java.lang.Object, long)'> (0x00000000ec788a48) 
thrown [s\src\hotspot\share\interpreter\linkResolver.cpp, line 773]

ZGC Phase Switch (0 events):
No events

VM Operations (20 events):
Event: 5.784 Executing non-safepoint VM operation: HandshakeAllThreads (Deoptimize) done
Event: 5.823 Executing safepoint VM operation: CollectForMetadataAllocation (Metadata GC Threshold)
Event: 5.827 Executing safepoint VM operation: CollectForMetadataAllocation (Metadata GC Threshold) done
Event: 5.830 Executing non-safepoint VM operation: HandshakeAllThreads (Deoptimize)
Event: 5.830 Executing non-safepoint VM operation: HandshakeAllThreads (Deoptimize) done
Event: 5.838 Executing safepoint VM operation: G1PauseRemark
Event: 5.840 Executing safepoint VM operation: G1PauseRemark done
Event: 5.846 Executing safepoint VM operation: G1PauseCleanup
Event: 5.847 Executing safepoint VM operation: G1PauseCleanup done
Event: 6.102 Executing non-safepoint VM operation: HandshakeAllThreads (Deoptimize)
Event: 6.102 Executing non-safepoint VM operation: HandshakeAllThreads (Deoptimize) done
Event: 6.107 Executing safepoint VM operation: ICBufferFull
Event: 6.108 Executing safepoint VM operation: ICBufferFull done
Event: 6.203 Executing non-safepoint VM operation: HandshakeAllThreads (Deoptimize)
Event: 6.203 Executing non-safepoint VM operation: HandshakeAllThreads (Deoptimize) done
Event: 6.434 Executing non-safepoint VM operation: HandshakeAllThreads (Deoptimize)
Event: 6.434 Executing non-safepoint VM operation: HandshakeAllThreads (Deoptimize) done
Event: 7.437 Executing safepoint VM operation: Cleanup
Event: 7.437 Executing safepoint VM operation: Cleanup done
Event: 8.446 Executing safepoint VM operation: Cleanup

Memory protections (0 events):
No events

Nmethod flushes (20 events):
Event: 5.840 Thread 0x000001de75095bc0 flushing  nmethod 0x000001de625d6d10
Event: 5.840 Thread 0x000001de75095bc0 flushing  nmethod 0x000001de625d7410
Event: 5.840 Thread 0x000001de75095bc0 flushing  nmethod 0x000001de625dce10
Event: 5.840 Thread 0x000001de75095bc0 flushing  nmethod 0x000001de625df610
Event: 5.840 Thread 0x000001de75095bc0 flushing  nmethod 0x000001de6261dc10
Event: 5.840 Thread 0x000001de75095bc0 flushing  nmethod 0x000001de6261ea90
Event: 5.840 Thread 0x000001de75095bc0 flushing  nmethod 0x000001de6261f390
Event: 5.840 Thread 0x000001de75095bc0 flushing  nmethod 0x000001de62625c90
Event: 5.840 Thread 0x000001de75095bc0 flushing  nmethod 0x000001de6279c810
Event: 5.840 Thread 0x000001de75095bc0 flushing  nmethod 0x000001de627e4910
Event: 5.840 Thread 0x000001de75095bc0 flushing  nmethod 0x000001de627e9490
Event: 5.840 Thread 0x000001de75095bc0 flushing  nmethod 0x000001de627e9e90
Event: 5.840 Thread 0x000001de75095bc0 flushing  nmethod 0x000001de62810910
Event: 5.840 Thread 0x000001de75095bc0 flushing  nmethod 0x000001de62813110
Event: 5.840 Thread 0x000001de75095bc0 flushing  nmethod 0x000001de62813d10
Event: 5.840 Thread 0x000001de75095bc0 flushing  nmethod 0x000001de62815390
Event: 5.840 Thread 0x000001de75095bc0 flushing  nmethod 0x000001de62816f10
Event: 5.840 Thread 0x000001de75095bc0 flushing  nmethod 0x000001de62818390
Event: 5.840 Thread 0x000001de75095bc0 flushing  nmethod 0x000001de62a6dc90
Event: 5.840 Thread 0x000001de75095bc0 flushing  nmethod 0x000001de62a6eb90

Events (20 events):
Event: 2.101 Thread 0x000001de7b261ee0 Thread added: 0x000001de7b186060
Event: 2.145 Thread 0x000001de7b261ee0 Thread added: 0x000001de7b1995a0
Event: 2.151 Thread 0x000001de7b261ee0 Thread added: 0x000001de7b1a00e0
Event: 2.165 Thread 0x000001de7b1a00e0 Thread added: 0x000001de7ae5fdd0
Event: 2.171 Thread 0x000001de7b1a00e0 Thread added: 0x000001de7ae62bc0
Event: 2.174 Thread 0x000001de7b1a00e0 Thread added: 0x000001de7ae5f740
Event: 2.607 Thread 0x000001de7b1a00e0 Thread added: 0x000001de7ae61810
Event: 2.628 Thread 0x000001de7b1a00e0 Thread added: 0x000001de7ae61180
Event: 3.070 Thread 0x000001de7b1a00e0 Thread added: 0x000001de7ae60af0
Event: 3.301 Thread 0x000001de7ae61180 Thread added: 0x000001de7ae60460
Event: 4.233 Thread 0x000001de7b1a00e0 Thread added: 0x000001de7ae62530
Event: 4.262 Thread 0x000001de7b1a00e0 Thread added: 0x000001de7b5e4840
Event: 4.524 Thread 0x000001de7b1a00e0 Thread added: 0x000001de7b5e3490
Event: 4.532 Thread 0x000001de7b1a00e0 Thread added: 0x000001de7b5e20e0
Event: 4.767 Thread 0x000001de7b1a00e0 Thread added: 0x000001de7b5e3b20
Event: 4.806 Thread 0x000001de7b1a00e0 Thread added: 0x000001de7b5e41b0
Event: 4.934 Thread 0x000001de7b1a00e0 Thread added: 0x000001de7b5e2770
Event: 5.081 Thread 0x000001de7b1a00e0 Thread added: 0x000001de7b5e13c0
Event: 5.288 Thread 0x000001de7b1a00e0 Thread added: 0x000001de7b5e2e00
Event: 5.351 Thread 0x000001de7b1a00e0 Thread added: 0x000001de7b5e4ed0


Dynamic libraries:
0x00007ff7777f0000 - 0x00007ff7777fe000 	C:\Users\programador.02\.windsurf\extensions\redhat.java-1.55.0-win32-x64\jre\21.0.11-win32-x86_64\bin\java.exe
0x00007ff9998c0000 - 0x00007ff999b26000 	C:\WINDOWS\SYSTEM32\ntdll.dll
0x00007ff999160000 - 0x00007ff999229000 	C:\WINDOWS\System32\KERNEL32.DLL
0x00007ff996d20000 - 0x00007ff99711f000 	C:\WINDOWS\System32\KERNELBASE.dll
0x00007ff996b90000 - 0x00007ff996cdc000 	C:\WINDOWS\System32\ucrtbase.dll
0x00007ff9429c0000 - 0x00007ff9429de000 	C:\Users\programador.02\.windsurf\extensions\redhat.java-1.55.0-win32-x64\jre\21.0.11-win32-x86_64\bin\VCRUNTIME140.dll
0x00007ff9732c0000 - 0x00007ff9732d8000 	C:\Users\programador.02\.windsurf\extensions\redhat.java-1.55.0-win32-x64\jre\21.0.11-win32-x86_64\bin\jli.dll
0x00007ff997a70000 - 0x00007ff997c36000 	C:\WINDOWS\System32\USER32.dll
0x00007ff996cf0000 - 0x00007ff996d17000 	C:\WINDOWS\System32\win32u.dll
0x00007ff97ce80000 - 0x00007ff97d111000 	C:\WINDOWS\WinSxS\amd64_microsoft.windows.common-controls_6595b64144ccf1df_6.0.26100.8972_none_3e0da176e32f9d4b\COMCTL32.dll
0x00007ff998b60000 - 0x00007ff998b8b000 	C:\WINDOWS\System32\GDI32.dll
0x00007ff997710000 - 0x00007ff9977b9000 	C:\WINDOWS\System32\msvcrt.dll
0x00007ff9971e0000 - 0x00007ff997309000 	C:\WINDOWS\System32\gdi32full.dll
0x00007ff997130000 - 0x00007ff9971d3000 	C:\WINDOWS\System32\msvcp_win.dll
0x00007ff998940000 - 0x00007ff998972000 	C:\WINDOWS\System32\IMM32.DLL
0x00007ff990ab0000 - 0x00007ff990abc000 	C:\Users\programador.02\.windsurf\extensions\redhat.java-1.55.0-win32-x64\jre\21.0.11-win32-x86_64\bin\vcruntime140_1.dll
0x00007ff914450000 - 0x00007ff9144dd000 	C:\Users\programador.02\.windsurf\extensions\redhat.java-1.55.0-win32-x64\jre\21.0.11-win32-x86_64\bin\msvcp140.dll
0x00007ff8f8b60000 - 0x00007ff8f9902000 	C:\Users\programador.02\.windsurf\extensions\redhat.java-1.55.0-win32-x64\jre\21.0.11-win32-x86_64\bin\server\jvm.dll
0x00007ff998f40000 - 0x00007ff998ffc000 	C:\WINDOWS\System32\ADVAPI32.dll
0x00007ff999020000 - 0x00007ff9990c9000 	C:\WINDOWS\System32\sechost.dll
0x00007ff9975f0000 - 0x00007ff997708000 	C:\WINDOWS\System32\RPCRT4.dll
0x00007ff9990d0000 - 0x00007ff999152000 	C:\WINDOWS\System32\WS2_32.dll
0x00007ff996930000 - 0x00007ff99698e000 	C:\WINDOWS\SYSTEM32\POWRPROF.dll
0x00007ff9903d0000 - 0x00007ff990406000 	C:\WINDOWS\SYSTEM32\WINMM.dll
0x00007ff98bd90000 - 0x00007ff98bd9b000 	C:\WINDOWS\SYSTEM32\VERSION.dll
0x00007ff996910000 - 0x00007ff996925000 	C:\WINDOWS\SYSTEM32\UMPDC.dll
0x00007ff9957c0000 - 0x00007ff9957db000 	C:\WINDOWS\SYSTEM32\kernel.appcore.dll
0x00007ff94feb0000 - 0x00007ff94feba000 	C:\Users\programador.02\.windsurf\extensions\redhat.java-1.55.0-win32-x64\jre\21.0.11-win32-x86_64\bin\jimage.dll
0x00007ff994030000 - 0x00007ff994272000 	C:\WINDOWS\SYSTEM32\DBGHELP.DLL
0x00007ff998540000 - 0x00007ff9988c5000 	C:\WINDOWS\System32\combase.dll
0x00007ff998a80000 - 0x00007ff998b59000 	C:\WINDOWS\System32\OLEAUT32.dll
0x00007ff987a10000 - 0x00007ff987a4b000 	C:\WINDOWS\SYSTEM32\dbgcore.DLL
0x00007ff996ad0000 - 0x00007ff996b7c000 	C:\WINDOWS\System32\bcryptPrimitives.dll
0x00007ff94f1f0000 - 0x00007ff94f1ff000 	C:\Users\programador.02\.windsurf\extensions\redhat.java-1.55.0-win32-x64\jre\21.0.11-win32-x86_64\bin\instrument.dll
0x00007ff914430000 - 0x00007ff914450000 	C:\Users\programador.02\.windsurf\extensions\redhat.java-1.55.0-win32-x64\jre\21.0.11-win32-x86_64\bin\java.dll
0x00007ff997db0000 - 0x00007ff998538000 	C:\WINDOWS\System32\SHELL32.dll
0x00007ff994380000 - 0x00007ff994c1b000 	C:\WINDOWS\SYSTEM32\windows.storage.dll
0x00007ff999230000 - 0x00007ff999329000 	C:\WINDOWS\System32\SHCORE.dll
0x00007ff9988d0000 - 0x00007ff998936000 	C:\WINDOWS\System32\shlwapi.dll
0x00007ff9969f0000 - 0x00007ff996a19000 	C:\WINDOWS\SYSTEM32\profapi.dll
0x00007ff913710000 - 0x00007ff913728000 	C:\Users\programador.02\.windsurf\extensions\redhat.java-1.55.0-win32-x64\jre\21.0.11-win32-x86_64\bin\zip.dll
0x00007ff94fbe0000 - 0x00007ff94fbf0000 	C:\Users\programador.02\.windsurf\extensions\redhat.java-1.55.0-win32-x64\jre\21.0.11-win32-x86_64\bin\net.dll
0x00007ff990540000 - 0x00007ff990667000 	C:\WINDOWS\SYSTEM32\WINHTTP.dll
0x00007ff995d70000 - 0x00007ff995ddc000 	C:\WINDOWS\system32\mswsock.dll
0x00007ff9136f0000 - 0x00007ff913706000 	C:\Users\programador.02\.windsurf\extensions\redhat.java-1.55.0-win32-x64\jre\21.0.11-win32-x86_64\bin\nio.dll
0x00007ff946b40000 - 0x00007ff946b50000 	C:\Users\programador.02\.windsurf\extensions\redhat.java-1.55.0-win32-x64\jre\21.0.11-win32-x86_64\bin\verify.dll
0x00007ff980210000 - 0x00007ff980237000 	C:\Users\programador.02\.gradle\native\c067742578af261105cb4f569cf0c3c89f3d7b1fecec35dd04571415982c5e48\windows-amd64\native-platform.dll
0x00007ff93b090000 - 0x00007ff93b1d4000 	C:\Users\programador.02\.gradle\native\100fb08df4bc3b14c8652ba06237920a3bd2aa13389f12d3474272988ae205f9\windows-amd64\native-platform-file-events.dll
0x00007ff951990000 - 0x00007ff95199a000 	C:\Users\programador.02\.windsurf\extensions\redhat.java-1.55.0-win32-x64\jre\21.0.11-win32-x86_64\bin\management.dll
0x00007ff946a40000 - 0x00007ff946a4c000 	C:\Users\programador.02\.windsurf\extensions\redhat.java-1.55.0-win32-x64\jre\21.0.11-win32-x86_64\bin\management_ext.dll
0x00007ff998f30000 - 0x00007ff998f38000 	C:\WINDOWS\System32\PSAPI.DLL
0x00007ff996060000 - 0x00007ff99607b000 	C:\WINDOWS\SYSTEM32\CRYPTSP.dll
0x00007ff995720000 - 0x00007ff995759000 	C:\WINDOWS\system32\rsaenh.dll
0x00007ff995e20000 - 0x00007ff995e52000 	C:\WINDOWS\SYSTEM32\USERENV.dll
0x00007ff9969c0000 - 0x00007ff9969ea000 	C:\WINDOWS\SYSTEM32\bcrypt.dll
0x00007ff996080000 - 0x00007ff99608c000 	C:\WINDOWS\SYSTEM32\CRYPTBASE.dll
0x00007ff994f70000 - 0x00007ff994fa3000 	C:\WINDOWS\SYSTEM32\IPHLPAPI.DLL
0x00007ff999010000 - 0x00007ff99901a000 	C:\WINDOWS\System32\NSI.dll
0x00007ff9519a0000 - 0x00007ff9519a9000 	C:\Users\programador.02\.windsurf\extensions\redhat.java-1.55.0-win32-x64\jre\21.0.11-win32-x86_64\bin\extnet.dll
0x00007ff9519b0000 - 0x00007ff9519be000 	C:\Users\programador.02\.windsurf\extensions\redhat.java-1.55.0-win32-x64\jre\21.0.11-win32-x86_64\bin\sunmscapi.dll
0x00007ff9973d0000 - 0x00007ff99754e000 	C:\WINDOWS\System32\CRYPT32.dll
0x00007ff9962a0000 - 0x00007ff9962d0000 	C:\WINDOWS\SYSTEM32\ncrypt.dll
0x00007ff996250000 - 0x00007ff99628f000 	C:\WINDOWS\SYSTEM32\NTASN1.dll
0x00007ff952f70000 - 0x00007ff952f78000 	C:\WINDOWS\system32\wshunix.dll

JVMTI agents:
C:\Users\programador.02\.gradle\wrapper\dists\gradle-8.9-bin\90cnw93cvbtalezasaz0blq0a\gradle-8.9\lib\agents\gradle-instrumentation-agent-8.9.jar path:C:\Users\programador.02\.windsurf\extensions\redhat.java-1.55.0-win32-x64\jre\21.0.11-win32-x86_64\bin\instrument.dll, loaded, initialized, instrumentlib options:none

dbghelp: loaded successfully - version: 4.0.5 - missing functions: none
symbol engine: initialized successfully - sym options: 0x614 - pdb path: .;C:\Users\programador.02\.windsurf\extensions\redhat.java-1.55.0-win32-x64\jre\21.0.11-win32-x86_64\bin;C:\WINDOWS\SYSTEM32;C:\WINDOWS\WinSxS\amd64_microsoft.windows.common-controls_6595b64144ccf1df_6.0.26100.8972_none_3e0da176e32f9d4b;C:\Users\programador.02\.windsurf\extensions\redhat.java-1.55.0-win32-x64\jre\21.0.11-win32-x86_64\bin\server;C:\Users\programador.02\.gradle\native\c067742578af261105cb4f569cf0c3c89f3d7b1fecec35dd04571415982c5e48\windows-amd64;C:\Users\programador.02\.gradle\native\100fb08df4bc3b14c8652ba06237920a3bd2aa13389f12d3474272988ae205f9\windows-amd64

VM Arguments:
jvm_args: --add-opens=java.base/java.util=ALL-UNNAMED --add-opens=java.base/java.lang=ALL-UNNAMED --add-opens=java.base/java.lang.invoke=ALL-UNNAMED --add-opens=java.prefs/java.util.prefs=ALL-UNNAMED --add-exports=jdk.compiler/com.sun.tools.javac.api=ALL-UNNAMED --add-exports=jdk.compiler/com.sun.tools.javac.util=ALL-UNNAMED --add-opens=java.base/java.nio.charset=ALL-UNNAMED --add-opens=java.base/java.net=ALL-UNNAMED --add-opens=java.base/java.util.concurrent.atomic=ALL-UNNAMED -XX:MaxMetaspaceSize=384m -XX:+HeapDumpOnOutOfMemoryError -Xms256m -Xmx512m -Dfile.encoding=utf8 -Duser.country=PE -Duser.language=es -Duser.variant -javaagent:C:\Users\programador.02\.gradle\wrapper\dists\gradle-8.9-bin\90cnw93cvbtalezasaz0blq0a\gradle-8.9\lib\agents\gradle-instrumentation-agent-8.9.jar 
java_command: org.gradle.launcher.daemon.bootstrap.GradleDaemon 8.9
java_class_path (initial): C:\Users\programador.02\.gradle\wrapper\dists\gradle-8.9-bin\90cnw93cvbtalezasaz0blq0a\gradle-8.9\lib\gradle-daemon-main-8.9.jar
Launcher Type: SUN_STANDARD

[Global flags]
     intx CICompilerCount                          = 4                                         {product} {ergonomic}
   size_t CompressedClassSpaceSize                 = 335544320                                 {product} {ergonomic}
     uint ConcGCThreads                            = 3                                         {product} {ergonomic}
     uint G1ConcRefinementThreads                  = 10                                        {product} {ergonomic}
   size_t G1HeapRegionSize                         = 1048576                                   {product} {ergonomic}
    uintx GCDrainStackTargetSize                   = 64                                        {product} {ergonomic}
     bool HeapDumpOnOutOfMemoryError               = true                                   {manageable} {command line}
   size_t InitialHeapSize                          = 268435456                                 {product} {command line}
   size_t MarkStackSize                            = 4194304                                   {product} {ergonomic}
   size_t MaxHeapSize                              = 536870912                                 {product} {command line}
   size_t MaxMetaspaceSize                         = 402653184                                 {product} {command line}
   size_t MaxNewSize                               = 321912832                                 {product} {ergonomic}
   size_t MinHeapDeltaBytes                        = 1048576                                   {product} {ergonomic}
   size_t MinHeapSize                              = 268435456                                 {product} {command line}
    uintx NonNMethodCodeHeapSize                   = 5839372                                {pd product} {ergonomic}
    uintx NonProfiledCodeHeapSize                  = 122909434                              {pd product} {ergonomic}
    uintx ProfiledCodeHeapSize                     = 122909434                              {pd product} {ergonomic}
    uintx ReservedCodeCacheSize                    = 251658240                              {pd product} {ergonomic}
     bool SegmentedCodeCache                       = true                                      {product} {ergonomic}
   size_t SoftMaxHeapSize                          = 536870912                              {manageable} {ergonomic}
     bool UseCompressedOops                        = true                           {product lp64_product} {ergonomic}
     bool UseG1GC                                  = true                                      {product} {ergonomic}
     bool UseLargePagesIndividualAllocation        = false                                  {pd product} {ergonomic}

Logging:
Log output configuration:
 #0: stdout all=warning uptime,level,tags foldmultilines=false
 #1: stderr all=off uptime,level,tags foldmultilines=false

Release file:
JAVA_VERSION="21.0.11" 
MODULES="java.base java.compiler java.datatransfer java.xml java.prefs java.desktop java.instrument java.logging java.management java.security.sasl java.naming java.rmi java.management.rmi java.net.http java.scripting java.security.jgss java.transaction.xa java.sql java.sql.rowset java.xml.crypto java.se java.smartcardio jdk.accessibility jdk.internal.jvmstat jdk.attach jdk.charsets jdk.internal.opt jdk.zipfs jdk.compiler jdk.crypto.ec jdk.crypto.cryptoki jdk.crypto.mscapi jdk.dynalink jdk.internal.ed jdk.editpad jdk.hotspot.agent jdk.httpserver jdk.internal.le jdk.internal.vm.ci jdk.internal.vm.compiler jdk.internal.vm.compiler.management jdk.jartool jdk.javadoc jdk.jcmd jdk.management jdk.management.agent jdk.jconsole jdk.jdeps jdk.jdwp.agent jdk.jdi jdk.jfr jdk.jshell jdk.jsobject jdk.jstatd jdk.localedata jdk.management.jfr jdk.naming.dns jdk.naming.rmi jdk.net jdk.nio.mapmode jdk.random jdk.sctp jdk.security.auth jdk.security.jgss jdk.unsupported jdk.unsupported.desktop jdk.xml.dom" 

Environment Variables:
JAVA_HOME=C:\Program Files\Microsoft\jdk-17.0.15.6-hotspot
PATH=C:\Program Files\Microsoft\jdk-17.0.15.6-hotspot\bin;C:\db\product\21.0.0\client_1\bin;C:\WINDOWS\system32;C:\WINDOWS;C:\WINDOWS\System32\Wbem;C:\WINDOWS\System32\WindowsPowerShell\v1.0\;C:\WINDOWS\System32\OpenSSH\;C:\Program Files\nodejs\;C:\Program Files\Microsoft SQL Server\150\Tools\Binn\;C:\Program Files\Microsoft SQL Server\Client SDK\ODBC\170\Tools\Binn\;C:\Program Files\Git\cmd;C:\tizen-studio\tools\ide\bin;C:\tizen-studio\tools;C:\Program Files\dotnet\;C:\php-8.2;D:\Android\cmdline-tools\latest\bin;D:\Android\platform-tools;C:\Program Files\PowerShell\7\;C:\Users\programador.02\AppData\Local\Programs\Python\Launcher\;C:\Users\programador.02\AppData\Local\Microsoft\WindowsApps;C:\Users\programador.02\AppData\Local\Programs\Microsoft VS Code\bin;C:\Users\programador.02\AppData\Roaming\npm;C:\Users\programador.02\.dotnet\tools;C:\Program Files\JetBrains\WebStorm 2025.1.3\bin;C:\Program Files\JetBrains\PhpStorm 2025.1.3\bin;C:\Users\programador.02\AppData\Local\Programs\Windsurf\bin;D:\Android\cmdline-tools\latest\bin;D:\Android\platform-tools;
USERNAME=programador.02
OS=Windows_NT
PROCESSOR_IDENTIFIER=Intel64 Family 6 Model 186 Stepping 3, GenuineIntel
TMP=C:\Users\PROGRA~1.02\AppData\Local\Temp
TEMP=C:\Users\PROGRA~1.02\AppData\Local\Temp




Periodic native trim disabled

---------------  S Y S T E M  ---------------

OS:
 Windows 11 , 64 bit Build 26100 (10.0.26100.8972)
OS uptime: 0 days 3:59 hours

CPU: total 12 (initial active 12) (12 cores per cpu, 1 threads per core) family 6 model 186 stepping 3 microcode 0x4123, cx8, cmov, fxsr, mmx, 3dnowpref, sse, sse2, sse3, ssse3, sse4.1, sse4.2, popcnt, lzcnt, tsc, tscinvbit, avx, avx2, aes, erms, clmul, bmi1, bmi2, adx, sha, fma, vzeroupper, clflush, clflushopt, clwb, serialize, rdtscp, rdpid, fsrm, f16c, pku, cet_ibt, cet_ss
Processor Information for processor 0
  Max Mhz: 1700, Current Mhz: 1700, Mhz Limit: 1700
Processor Information for processor 1
  Max Mhz: 1700, Current Mhz: 1700, Mhz Limit: 1700
Processor Information for processor 2
  Max Mhz: 1700, Current Mhz: 1700, Mhz Limit: 1700
Processor Information for processor 3
  Max Mhz: 1700, Current Mhz: 1700, Mhz Limit: 1700
Processor Information for processor 4
  Max Mhz: 1700, Current Mhz: 1200, Mhz Limit: 1190
Processor Information for processor 5
  Max Mhz: 1700, Current Mhz: 1200, Mhz Limit: 1190
Processor Information for processor 6
  Max Mhz: 1700, Current Mhz: 1200, Mhz Limit: 1190
Processor Information for processor 7
  Max Mhz: 1700, Current Mhz: 1200, Mhz Limit: 1190
Processor Information for processor 8
  Max Mhz: 1700, Current Mhz: 1200, Mhz Limit: 1190
Processor Information for processor 9
  Max Mhz: 1700, Current Mhz: 1200, Mhz Limit: 1190
Processor Information for processor 10
  Max Mhz: 1700, Current Mhz: 1200, Mhz Limit: 1190
Processor Information for processor 11
  Max Mhz: 1700, Current Mhz: 1200, Mhz Limit: 1190

Memory: 4k page, system-wide physical 16107M (232M free)
TotalPageFile size 41619M (AvailPageFile size 2M)
current process WorkingSet (physical memory assigned to process): 311M, peak: 311M
current process commit charge ("private bytes"): 459M, peak: 462M

vm_info: OpenJDK 64-Bit Server VM (21.0.11+10-LTS) for windows-amd64 JRE (21.0.11+10-LTS), built on 2026-04-21T00:00:00Z by "admin" with MS VC++ 17.12 (VS2022)

END.
